CrossFuse Training Log - TransFuse
Started at: 2025-08-16 16:17:54
================================================================================


Epoch 1/5 started at 16:17:54
------------------------------------------------------------
16:17:58 - Epoch 1/5 - Batch 10/280 - lr:0.001000 - pix_loss: 5337.704590 - gra_loss: 1697.993530 - mean_loss: 0.000000 - shallow_loss: 0.000000 - middle_loss: 0.000000 - deep_loss: 0.000000 - fea_loss: 0.000000 - ssim_loss: 4301.919434 - total_loss: 11337.618164
16:18:01 - Epoch 1/5 - Batch 20/280 - lr:0.001000 - pix_loss: 4883.614258 - gra_loss: 1455.852905 - mean_loss: 0.000000 - shallow_loss: 0.000000 - middle_loss: 0.000000 - deep_loss: 0.000000 - fea_loss: 0.000000 - ssim_loss: 4127.787598 - total_loss: 10467.254883
16:18:04 - Epoch 1/5 - Batch 30/280 - lr:0.001000 - pix_loss: 5088.076660 - gra_loss: 1599.769897 - mean_loss: 0.000000 - shallow_loss: 0.000000 - middle_loss: 0.000000 - deep_loss: 0.000000 - fea_loss: 0.000000 - ssim_loss: 4073.846924 - total_loss: 10761.694336
16:18:08 - Epoch 1/5 - Batch 40/280 - lr:0.001000 - pix_loss: 4446.705078 - gra_loss: 1486.440918 - mean_loss: 0.000000 - shallow_loss: 0.000000 - middle_loss: 0.000000 - deep_loss: 0.000000 - fea_loss: 0.000000 - ssim_loss: 3949.488281 - total_loss: 9882.634766
16:18:11 - Epoch 1/5 - Batch 50/280 - lr:0.001000 - pix_loss: 3954.365723 - gra_loss: 1452.998047 - mean_loss: 0.000000 - shallow_loss: 0.000000 - middle_loss: 0.000000 - deep_loss: 0.000000 - fea_loss: 0.000000 - ssim_loss: 3780.132080 - total_loss: 9187.495117
16:18:14 - Epoch 1/5 - Batch 60/280 - lr:0.001000 - pix_loss: 3986.857910 - gra_loss: 1407.615601 - mean_loss: 0.000000 - shallow_loss: 0.000000 - middle_loss: 0.000000 - deep_loss: 0.000000 - fea_loss: 0.000000 - ssim_loss: 3640.266113 - total_loss: 9034.739258
16:18:18 - Epoch 1/5 - Batch 70/280 - lr:0.001000 - pix_loss: 3066.513672 - gra_loss: 1494.055176 - mean_loss: 0.000000 - shallow_loss: 0.000000 - middle_loss: 0.000000 - deep_loss: 0.000000 - fea_loss: 0.000000 - ssim_loss: 3553.348145 - total_loss: 8113.917480
16:18:21 - Epoch 1/5 - Batch 80/280 - lr:0.001000 - pix_loss: 2731.465576 - gra_loss: 1618.607788 - mean_loss: 0.000000 - shallow_loss: 0.000000 - middle_loss: 0.000000 - deep_loss: 0.000000 - fea_loss: 0.000000 - ssim_loss: 3611.132568 - total_loss: 7961.206543
16:18:25 - Epoch 1/5 - Batch 90/280 - lr:0.001000 - pix_loss: 2172.669189 - gra_loss: 1577.275269 - mean_loss: 0.000000 - shallow_loss: 0.000000 - middle_loss: 0.000000 - deep_loss: 0.000000 - fea_loss: 0.000000 - ssim_loss: 3448.944092 - total_loss: 7198.888184
16:18:28 - Epoch 1/5 - Batch 100/280 - lr:0.001000 - pix_loss: 2283.535156 - gra_loss: 1477.657349 - mean_loss: 0.000000 - shallow_loss: 0.000000 - middle_loss: 0.000000 - deep_loss: 0.000000 - fea_loss: 0.000000 - ssim_loss: 3540.855225 - total_loss: 7302.047852
16:18:31 - Epoch 1/5 - Batch 110/280 - lr:0.001000 - pix_loss: 1585.975952 - gra_loss: 1515.642822 - mean_loss: 0.000000 - shallow_loss: 0.000000 - middle_loss: 0.000000 - deep_loss: 0.000000 - fea_loss: 0.000000 - ssim_loss: 3256.023193 - total_loss: 6357.642578
16:18:35 - Epoch 1/5 - Batch 120/280 - lr:0.001000 - pix_loss: 1738.635010 - gra_loss: 1314.726807 - mean_loss: 0.000000 - shallow_loss: 0.000000 - middle_loss: 0.000000 - deep_loss: 0.000000 - fea_loss: 0.000000 - ssim_loss: 3181.785889 - total_loss: 6235.146973
16:18:38 - Epoch 1/5 - Batch 130/280 - lr:0.001000 - pix_loss: 1387.493286 - gra_loss: 1396.809814 - mean_loss: 0.000000 - shallow_loss: 0.000000 - middle_loss: 0.000000 - deep_loss: 0.000000 - fea_loss: 0.000000 - ssim_loss: 3183.145264 - total_loss: 5967.448730
16:18:41 - Epoch 1/5 - Batch 140/280 - lr:0.001000 - pix_loss: 1438.455444 - gra_loss: 1406.816406 - mean_loss: 0.000000 - shallow_loss: 0.000000 - middle_loss: 0.000000 - deep_loss: 0.000000 - fea_loss: 0.000000 - ssim_loss: 3173.721191 - total_loss: 6018.993164
16:18:45 - Epoch 1/5 - Batch 150/280 - lr:0.001000 - pix_loss: 1031.814697 - gra_loss: 1284.752075 - mean_loss: 0.000000 - shallow_loss: 0.000000 - middle_loss: 0.000000 - deep_loss: 0.000000 - fea_loss: 0.000000 - ssim_loss: 3080.243164 - total_loss: 5396.810059
16:18:48 - Epoch 1/5 - Batch 160/280 - lr:0.001000 - pix_loss: 991.812805 - gra_loss: 1234.438354 - mean_loss: 0.000000 - shallow_loss: 0.000000 - middle_loss: 0.000000 - deep_loss: 0.000000 - fea_loss: 0.000000 - ssim_loss: 3005.338623 - total_loss: 5231.589355
16:18:51 - Epoch 1/5 - Batch 170/280 - lr:0.001000 - pix_loss: 1672.283813 - gra_loss: 1280.157349 - mean_loss: 0.000000 - shallow_loss: 0.000000 - middle_loss: 0.000000 - deep_loss: 0.000000 - fea_loss: 0.000000 - ssim_loss: 3109.481201 - total_loss: 6061.921875
16:18:55 - Epoch 1/5 - Batch 180/280 - lr:0.001000 - pix_loss: 1456.833252 - gra_loss: 1493.106323 - mean_loss: 0.000000 - shallow_loss: 0.000000 - middle_loss: 0.000000 - deep_loss: 0.000000 - fea_loss: 0.000000 - ssim_loss: 3182.410156 - total_loss: 6132.350098
16:18:58 - Epoch 1/5 - Batch 190/280 - lr:0.001000 - pix_loss: 1091.733887 - gra_loss: 1469.553589 - mean_loss: 0.000000 - shallow_loss: 0.000000 - middle_loss: 0.000000 - deep_loss: 0.000000 - fea_loss: 0.000000 - ssim_loss: 3064.141846 - total_loss: 5625.429688
16:19:02 - Epoch 1/5 - Batch 200/280 - lr:0.001000 - pix_loss: 784.144043 - gra_loss: 1070.458984 - mean_loss: 0.000000 - shallow_loss: 0.000000 - middle_loss: 0.000000 - deep_loss: 0.000000 - fea_loss: 0.000000 - ssim_loss: 2791.566650 - total_loss: 4646.169434
16:19:05 - Epoch 1/5 - Batch 210/280 - lr:0.001000 - pix_loss: 395.871063 - gra_loss: 975.309021 - mean_loss: 0.000000 - shallow_loss: 0.000000 - middle_loss: 0.000000 - deep_loss: 0.000000 - fea_loss: 0.000000 - ssim_loss: 2699.347168 - total_loss: 4070.527344
16:19:08 - Epoch 1/5 - Batch 220/280 - lr:0.001000 - pix_loss: 368.381714 - gra_loss: 887.580872 - mean_loss: 0.000000 - shallow_loss: 0.000000 - middle_loss: 0.000000 - deep_loss: 0.000000 - fea_loss: 0.000000 - ssim_loss: 2668.177734 - total_loss: 3924.140625
16:19:12 - Epoch 1/5 - Batch 230/280 - lr:0.001000 - pix_loss: 333.515137 - gra_loss: 926.073364 - mean_loss: 0.000000 - shallow_loss: 0.000000 - middle_loss: 0.000000 - deep_loss: 0.000000 - fea_loss: 0.000000 - ssim_loss: 2687.677490 - total_loss: 3947.266113
16:19:15 - Epoch 1/5 - Batch 240/280 - lr:0.001000 - pix_loss: 376.431458 - gra_loss: 796.995850 - mean_loss: 0.000000 - shallow_loss: 0.000000 - middle_loss: 0.000000 - deep_loss: 0.000000 - fea_loss: 0.000000 - ssim_loss: 2677.254395 - total_loss: 3850.681641
16:19:18 - Epoch 1/5 - Batch 250/280 - lr:0.001000 - pix_loss: 366.767151 - gra_loss: 938.274597 - mean_loss: 0.000000 - shallow_loss: 0.000000 - middle_loss: 0.000000 - deep_loss: 0.000000 - fea_loss: 0.000000 - ssim_loss: 2654.638672 - total_loss: 3959.680420
16:19:22 - Epoch 1/5 - Batch 260/280 - lr:0.001000 - pix_loss: 250.802856 - gra_loss: 839.568665 - mean_loss: 0.000000 - shallow_loss: 0.000000 - middle_loss: 0.000000 - deep_loss: 0.000000 - fea_loss: 0.000000 - ssim_loss: 2620.162842 - total_loss: 3710.534424
16:19:25 - Epoch 1/5 - Batch 270/280 - lr:0.001000 - pix_loss: 225.968918 - gra_loss: 901.442810 - mean_loss: 0.000000 - shallow_loss: 0.000000 - middle_loss: 0.000000 - deep_loss: 0.000000 - fea_loss: 0.000000 - ssim_loss: 2632.067139 - total_loss: 3759.479004
16:19:29 - Epoch 1/5 - Batch 280/280 - lr:0.001000 - pix_loss: 558.116028 - gra_loss: 864.437134 - mean_loss: 0.000000 - shallow_loss: 0.000000 - middle_loss: 0.000000 - deep_loss: 0.000000 - fea_loss: 0.000000 - ssim_loss: 2688.747314 - total_loss: 4111.300293

Epoch 1 completed in 95.80 seconds
Epoch 1 Summary: pix_loss: 0.000000 - gra_loss: 0.000000 - mean_loss: 0.000000 - shallow_loss: 0.000000 - middle_loss: 0.000000 - deep_loss: 0.000000 - fea_loss: 0.000000 - ssim_loss: 0.000000 - total_loss: 0.000000
------------------------------------------------------------

Epoch 2/5 started at 16:19:29
------------------------------------------------------------
16:19:33 - Epoch 2/5 - Batch 10/280 - lr:0.001000 - pix_loss: 399.718170 - gra_loss: 911.067871 - mean_loss: 0.000000 - shallow_loss: 0.000000 - middle_loss: 0.000000 - deep_loss: 0.000000 - fea_loss: 0.000000 - ssim_loss: 2712.452148 - total_loss: 4023.238281
16:19:36 - Epoch 2/5 - Batch 20/280 - lr:0.001000 - pix_loss: 381.965363 - gra_loss: 906.468689 - mean_loss: 0.000000 - shallow_loss: 0.000000 - middle_loss: 0.000000 - deep_loss: 0.000000 - fea_loss: 0.000000 - ssim_loss: 2727.639648 - total_loss: 4016.073486
16:19:39 - Epoch 2/5 - Batch 30/280 - lr:0.001000 - pix_loss: 256.933105 - gra_loss: 704.237793 - mean_loss: 0.000000 - shallow_loss: 0.000000 - middle_loss: 0.000000 - deep_loss: 0.000000 - fea_loss: 0.000000 - ssim_loss: 2530.746094 - total_loss: 3491.917236
16:19:43 - Epoch 2/5 - Batch 40/280 - lr:0.001000 - pix_loss: 260.136688 - gra_loss: 790.643677 - mean_loss: 0.000000 - shallow_loss: 0.000000 - middle_loss: 0.000000 - deep_loss: 0.000000 - fea_loss: 0.000000 - ssim_loss: 2574.402344 - total_loss: 3625.182373
16:19:46 - Epoch 2/5 - Batch 50/280 - lr:0.001000 - pix_loss: 285.409882 - gra_loss: 699.629517 - mean_loss: 0.000000 - shallow_loss: 0.000000 - middle_loss: 0.000000 - deep_loss: 0.000000 - fea_loss: 0.000000 - ssim_loss: 2565.666748 - total_loss: 3550.705811
16:19:49 - Epoch 2/5 - Batch 60/280 - lr:0.001000 - pix_loss: 263.559235 - gra_loss: 781.903931 - mean_loss: 0.000000 - shallow_loss: 0.000000 - middle_loss: 0.000000 - deep_loss: 0.000000 - fea_loss: 0.000000 - ssim_loss: 2619.947998 - total_loss: 3665.410889
16:19:53 - Epoch 2/5 - Batch 70/280 - lr:0.001000 - pix_loss: 207.084259 - gra_loss: 790.008972 - mean_loss: 0.000000 - shallow_loss: 0.000000 - middle_loss: 0.000000 - deep_loss: 0.000000 - fea_loss: 0.000000 - ssim_loss: 2580.109863 - total_loss: 3577.203125
16:19:56 - Epoch 2/5 - Batch 80/280 - lr:0.001000 - pix_loss: 191.861633 - gra_loss: 757.222717 - mean_loss: 0.000000 - shallow_loss: 0.000000 - middle_loss: 0.000000 - deep_loss: 0.000000 - fea_loss: 0.000000 - ssim_loss: 2570.505615 - total_loss: 3519.590332
16:19:59 - Epoch 2/5 - Batch 90/280 - lr:0.001000 - pix_loss: 191.424683 - gra_loss: 786.321838 - mean_loss: 0.000000 - shallow_loss: 0.000000 - middle_loss: 0.000000 - deep_loss: 0.000000 - fea_loss: 0.000000 - ssim_loss: 2590.741455 - total_loss: 3568.488281
16:20:03 - Epoch 2/5 - Batch 100/280 - lr:0.001000 - pix_loss: 203.604782 - gra_loss: 819.056824 - mean_loss: 0.000000 - shallow_loss: 0.000000 - middle_loss: 0.000000 - deep_loss: 0.000000 - fea_loss: 0.000000 - ssim_loss: 2593.561768 - total_loss: 3616.223389
16:20:06 - Epoch 2/5 - Batch 110/280 - lr:0.001000 - pix_loss: 250.212326 - gra_loss: 819.821716 - mean_loss: 0.000000 - shallow_loss: 0.000000 - middle_loss: 0.000000 - deep_loss: 0.000000 - fea_loss: 0.000000 - ssim_loss: 2583.849121 - total_loss: 3653.882812
16:20:10 - Epoch 2/5 - Batch 120/280 - lr:0.001000 - pix_loss: 270.054504 - gra_loss: 604.575256 - mean_loss: 0.000000 - shallow_loss: 0.000000 - middle_loss: 0.000000 - deep_loss: 0.000000 - fea_loss: 0.000000 - ssim_loss: 2616.364990 - total_loss: 3490.995361
16:20:13 - Epoch 2/5 - Batch 130/280 - lr:0.001000 - pix_loss: 312.284485 - gra_loss: 746.563660 - mean_loss: 0.000000 - shallow_loss: 0.000000 - middle_loss: 0.000000 - deep_loss: 0.000000 - fea_loss: 0.000000 - ssim_loss: 2625.391113 - total_loss: 3684.239502
16:20:16 - Epoch 2/5 - Batch 140/280 - lr:0.001000 - pix_loss: 197.321579 - gra_loss: 674.601257 - mean_loss: 0.000000 - shallow_loss: 0.000000 - middle_loss: 0.000000 - deep_loss: 0.000000 - fea_loss: 0.000000 - ssim_loss: 2627.843018 - total_loss: 3499.765625
16:20:20 - Epoch 2/5 - Batch 150/280 - lr:0.001000 - pix_loss: 262.789062 - gra_loss: 769.575623 - mean_loss: 0.000000 - shallow_loss: 0.000000 - middle_loss: 0.000000 - deep_loss: 0.000000 - fea_loss: 0.000000 - ssim_loss: 2572.456299 - total_loss: 3604.821045
16:20:23 - Epoch 2/5 - Batch 160/280 - lr:0.001000 - pix_loss: 240.731369 - gra_loss: 716.095520 - mean_loss: 0.000000 - shallow_loss: 0.000000 - middle_loss: 0.000000 - deep_loss: 0.000000 - fea_loss: 0.000000 - ssim_loss: 2585.493652 - total_loss: 3542.320312
16:20:26 - Epoch 2/5 - Batch 170/280 - lr:0.001000 - pix_loss: 315.506317 - gra_loss: 707.850586 - mean_loss: 0.000000 - shallow_loss: 0.000000 - middle_loss: 0.000000 - deep_loss: 0.000000 - fea_loss: 0.000000 - ssim_loss: 2611.608398 - total_loss: 3634.965576
16:20:30 - Epoch 2/5 - Batch 180/280 - lr:0.001000 - pix_loss: 284.639343 - gra_loss: 707.752380 - mean_loss: 0.000000 - shallow_loss: 0.000000 - middle_loss: 0.000000 - deep_loss: 0.000000 - fea_loss: 0.000000 - ssim_loss: 2592.808105 - total_loss: 3585.199951
16:20:33 - Epoch 2/5 - Batch 190/280 - lr:0.001000 - pix_loss: 257.865204 - gra_loss: 616.248230 - mean_loss: 0.000000 - shallow_loss: 0.000000 - middle_loss: 0.000000 - deep_loss: 0.000000 - fea_loss: 0.000000 - ssim_loss: 2591.305908 - total_loss: 3465.419189
16:20:37 - Epoch 2/5 - Batch 200/280 - lr:0.001000 - pix_loss: 376.967285 - gra_loss: 733.964478 - mean_loss: 0.000000 - shallow_loss: 0.000000 - middle_loss: 0.000000 - deep_loss: 0.000000 - fea_loss: 0.000000 - ssim_loss: 2660.271240 - total_loss: 3771.202881
16:20:40 - Epoch 2/5 - Batch 210/280 - lr:0.001000 - pix_loss: 420.397552 - gra_loss: 692.021667 - mean_loss: 0.000000 - shallow_loss: 0.000000 - middle_loss: 0.000000 - deep_loss: 0.000000 - fea_loss: 0.000000 - ssim_loss: 2751.857178 - total_loss: 3864.276611
16:20:43 - Epoch 2/5 - Batch 220/280 - lr:0.001000 - pix_loss: 260.567871 - gra_loss: 716.023865 - mean_loss: 0.000000 - shallow_loss: 0.000000 - middle_loss: 0.000000 - deep_loss: 0.000000 - fea_loss: 0.000000 - ssim_loss: 2659.796631 - total_loss: 3636.388428
16:20:47 - Epoch 2/5 - Batch 230/280 - lr:0.001000 - pix_loss: 211.844345 - gra_loss: 628.532471 - mean_loss: 0.000000 - shallow_loss: 0.000000 - middle_loss: 0.000000 - deep_loss: 0.000000 - fea_loss: 0.000000 - ssim_loss: 2584.722412 - total_loss: 3425.099365
16:20:50 - Epoch 2/5 - Batch 240/280 - lr:0.001000 - pix_loss: 343.682892 - gra_loss: 758.637207 - mean_loss: 0.000000 - shallow_loss: 0.000000 - middle_loss: 0.000000 - deep_loss: 0.000000 - fea_loss: 0.000000 - ssim_loss: 2635.496338 - total_loss: 3737.816406
16:20:53 - Epoch 2/5 - Batch 250/280 - lr:0.001000 - pix_loss: 316.063141 - gra_loss: 650.792664 - mean_loss: 0.000000 - shallow_loss: 0.000000 - middle_loss: 0.000000 - deep_loss: 0.000000 - fea_loss: 0.000000 - ssim_loss: 2685.503906 - total_loss: 3652.359375
16:20:57 - Epoch 2/5 - Batch 260/280 - lr:0.001000 - pix_loss: 310.871643 - gra_loss: 649.531372 - mean_loss: 0.000000 - shallow_loss: 0.000000 - middle_loss: 0.000000 - deep_loss: 0.000000 - fea_loss: 0.000000 - ssim_loss: 2618.386475 - total_loss: 3578.789062
16:21:00 - Epoch 2/5 - Batch 270/280 - lr:0.001000 - pix_loss: 253.034943 - gra_loss: 696.910950 - mean_loss: 0.000000 - shallow_loss: 0.000000 - middle_loss: 0.000000 - deep_loss: 0.000000 - fea_loss: 0.000000 - ssim_loss: 2683.165771 - total_loss: 3633.111328
16:21:04 - Epoch 2/5 - Batch 280/280 - lr:0.001000 - pix_loss: 236.538818 - gra_loss: 658.753845 - mean_loss: 0.000000 - shallow_loss: 0.000000 - middle_loss: 0.000000 - deep_loss: 0.000000 - fea_loss: 0.000000 - ssim_loss: 2649.238770 - total_loss: 3544.531250

Epoch 2 completed in 95.02 seconds
Epoch 2 Summary: pix_loss: 0.000000 - gra_loss: 0.000000 - mean_loss: 0.000000 - shallow_loss: 0.000000 - middle_loss: 0.000000 - deep_loss: 0.000000 - fea_loss: 0.000000 - ssim_loss: 0.000000 - total_loss: 0.000000
------------------------------------------------------------

Epoch 3/5 started at 16:21:04
------------------------------------------------------------
16:21:08 - Epoch 3/5 - Batch 10/280 - lr:0.000100 - pix_loss: 226.590118 - gra_loss: 635.007141 - mean_loss: 0.000000 - shallow_loss: 0.000000 - middle_loss: 0.000000 - deep_loss: 0.000000 - fea_loss: 0.000000 - ssim_loss: 2566.118896 - total_loss: 3427.716064
16:21:11 - Epoch 3/5 - Batch 20/280 - lr:0.000100 - pix_loss: 197.978470 - gra_loss: 636.877625 - mean_loss: 0.000000 - shallow_loss: 0.000000 - middle_loss: 0.000000 - deep_loss: 0.000000 - fea_loss: 0.000000 - ssim_loss: 2541.597412 - total_loss: 3376.453857
16:21:14 - Epoch 3/5 - Batch 30/280 - lr:0.000100 - pix_loss: 197.924973 - gra_loss: 601.984619 - mean_loss: 0.000000 - shallow_loss: 0.000000 - middle_loss: 0.000000 - deep_loss: 0.000000 - fea_loss: 0.000000 - ssim_loss: 2528.951660 - total_loss: 3328.861328
16:21:18 - Epoch 3/5 - Batch 40/280 - lr:0.000100 - pix_loss: 203.609985 - gra_loss: 676.354126 - mean_loss: 0.000000 - shallow_loss: 0.000000 - middle_loss: 0.000000 - deep_loss: 0.000000 - fea_loss: 0.000000 - ssim_loss: 2570.572754 - total_loss: 3450.536865
16:21:21 - Epoch 3/5 - Batch 50/280 - lr:0.000100 - pix_loss: 194.290573 - gra_loss: 644.074097 - mean_loss: 0.000000 - shallow_loss: 0.000000 - middle_loss: 0.000000 - deep_loss: 0.000000 - fea_loss: 0.000000 - ssim_loss: 2537.017090 - total_loss: 3375.381592
16:21:24 - Epoch 3/5 - Batch 60/280 - lr:0.000100 - pix_loss: 179.963074 - gra_loss: 575.210266 - mean_loss: 0.000000 - shallow_loss: 0.000000 - middle_loss: 0.000000 - deep_loss: 0.000000 - fea_loss: 0.000000 - ssim_loss: 2479.988770 - total_loss: 3235.161865
16:21:28 - Epoch 3/5 - Batch 70/280 - lr:0.000100 - pix_loss: 178.581787 - gra_loss: 645.038818 - mean_loss: 0.000000 - shallow_loss: 0.000000 - middle_loss: 0.000000 - deep_loss: 0.000000 - fea_loss: 0.000000 - ssim_loss: 2547.751953 - total_loss: 3371.372314
16:21:31 - Epoch 3/5 - Batch 80/280 - lr:0.000100 - pix_loss: 199.175842 - gra_loss: 720.911438 - mean_loss: 0.000000 - shallow_loss: 0.000000 - middle_loss: 0.000000 - deep_loss: 0.000000 - fea_loss: 0.000000 - ssim_loss: 2642.249756 - total_loss: 3562.337158
16:21:35 - Epoch 3/5 - Batch 90/280 - lr:0.000100 - pix_loss: 207.297607 - gra_loss: 712.112305 - mean_loss: 0.000000 - shallow_loss: 0.000000 - middle_loss: 0.000000 - deep_loss: 0.000000 - fea_loss: 0.000000 - ssim_loss: 2590.635742 - total_loss: 3510.045654
16:21:38 - Epoch 3/5 - Batch 100/280 - lr:0.000100 - pix_loss: 215.399734 - gra_loss: 674.746155 - mean_loss: 0.000000 - shallow_loss: 0.000000 - middle_loss: 0.000000 - deep_loss: 0.000000 - fea_loss: 0.000000 - ssim_loss: 2539.191406 - total_loss: 3429.337158
16:21:42 - Epoch 3/5 - Batch 110/280 - lr:0.000100 - pix_loss: 183.220505 - gra_loss: 663.698425 - mean_loss: 0.000000 - shallow_loss: 0.000000 - middle_loss: 0.000000 - deep_loss: 0.000000 - fea_loss: 0.000000 - ssim_loss: 2546.953369 - total_loss: 3393.872314
16:21:45 - Epoch 3/5 - Batch 120/280 - lr:0.000100 - pix_loss: 243.970901 - gra_loss: 655.784180 - mean_loss: 0.000000 - shallow_loss: 0.000000 - middle_loss: 0.000000 - deep_loss: 0.000000 - fea_loss: 0.000000 - ssim_loss: 2601.213867 - total_loss: 3500.969482
16:21:49 - Epoch 3/5 - Batch 130/280 - lr:0.000100 - pix_loss: 187.066498 - gra_loss: 652.332153 - mean_loss: 0.000000 - shallow_loss: 0.000000 - middle_loss: 0.000000 - deep_loss: 0.000000 - fea_loss: 0.000000 - ssim_loss: 2529.044189 - total_loss: 3368.443115
16:21:52 - Epoch 3/5 - Batch 140/280 - lr:0.000100 - pix_loss: 177.429596 - gra_loss: 560.864441 - mean_loss: 0.000000 - shallow_loss: 0.000000 - middle_loss: 0.000000 - deep_loss: 0.000000 - fea_loss: 0.000000 - ssim_loss: 2483.804443 - total_loss: 3222.098389
16:21:55 - Epoch 3/5 - Batch 150/280 - lr:0.000100 - pix_loss: 165.290588 - gra_loss: 649.629089 - mean_loss: 0.000000 - shallow_loss: 0.000000 - middle_loss: 0.000000 - deep_loss: 0.000000 - fea_loss: 0.000000 - ssim_loss: 2513.096436 - total_loss: 3328.016113
16:21:59 - Epoch 3/5 - Batch 160/280 - lr:0.000100 - pix_loss: 261.823120 - gra_loss: 679.329285 - mean_loss: 0.000000 - shallow_loss: 0.000000 - middle_loss: 0.000000 - deep_loss: 0.000000 - fea_loss: 0.000000 - ssim_loss: 2569.122803 - total_loss: 3510.275146
16:22:02 - Epoch 3/5 - Batch 170/280 - lr:0.000100 - pix_loss: 168.496811 - gra_loss: 585.002197 - mean_loss: 0.000000 - shallow_loss: 0.000000 - middle_loss: 0.000000 - deep_loss: 0.000000 - fea_loss: 0.000000 - ssim_loss: 2548.296143 - total_loss: 3301.795410
16:22:05 - Epoch 3/5 - Batch 180/280 - lr:0.000100 - pix_loss: 171.867920 - gra_loss: 709.675476 - mean_loss: 0.000000 - shallow_loss: 0.000000 - middle_loss: 0.000000 - deep_loss: 0.000000 - fea_loss: 0.000000 - ssim_loss: 2539.452881 - total_loss: 3420.996582
16:22:09 - Epoch 3/5 - Batch 190/280 - lr:0.000100 - pix_loss: 170.303757 - gra_loss: 585.046265 - mean_loss: 0.000000 - shallow_loss: 0.000000 - middle_loss: 0.000000 - deep_loss: 0.000000 - fea_loss: 0.000000 - ssim_loss: 2476.877441 - total_loss: 3232.227295
16:22:12 - Epoch 3/5 - Batch 200/280 - lr:0.000100 - pix_loss: 225.504745 - gra_loss: 725.657776 - mean_loss: 0.000000 - shallow_loss: 0.000000 - middle_loss: 0.000000 - deep_loss: 0.000000 - fea_loss: 0.000000 - ssim_loss: 2618.345459 - total_loss: 3569.507568
16:22:15 - Epoch 3/5 - Batch 210/280 - lr:0.000100 - pix_loss: 203.989487 - gra_loss: 735.069519 - mean_loss: 0.000000 - shallow_loss: 0.000000 - middle_loss: 0.000000 - deep_loss: 0.000000 - fea_loss: 0.000000 - ssim_loss: 2547.002441 - total_loss: 3486.061279
16:22:19 - Epoch 3/5 - Batch 220/280 - lr:0.000100 - pix_loss: 175.554184 - gra_loss: 676.194336 - mean_loss: 0.000000 - shallow_loss: 0.000000 - middle_loss: 0.000000 - deep_loss: 0.000000 - fea_loss: 0.000000 - ssim_loss: 2540.229248 - total_loss: 3391.977783
16:22:22 - Epoch 3/5 - Batch 230/280 - lr:0.000100 - pix_loss: 180.655029 - gra_loss: 653.639404 - mean_loss: 0.000000 - shallow_loss: 0.000000 - middle_loss: 0.000000 - deep_loss: 0.000000 - fea_loss: 0.000000 - ssim_loss: 2487.388428 - total_loss: 3321.682861
16:22:26 - Epoch 3/5 - Batch 240/280 - lr:0.000100 - pix_loss: 227.688766 - gra_loss: 691.991028 - mean_loss: 0.000000 - shallow_loss: 0.000000 - middle_loss: 0.000000 - deep_loss: 0.000000 - fea_loss: 0.000000 - ssim_loss: 2601.371338 - total_loss: 3521.050781
16:22:29 - Epoch 3/5 - Batch 250/280 - lr:0.000100 - pix_loss: 177.776947 - gra_loss: 721.626892 - mean_loss: 0.000000 - shallow_loss: 0.000000 - middle_loss: 0.000000 - deep_loss: 0.000000 - fea_loss: 0.000000 - ssim_loss: 2566.815186 - total_loss: 3466.219238
16:22:32 - Epoch 3/5 - Batch 260/280 - lr:0.000100 - pix_loss: 200.464020 - gra_loss: 608.173767 - mean_loss: 0.000000 - shallow_loss: 0.000000 - middle_loss: 0.000000 - deep_loss: 0.000000 - fea_loss: 0.000000 - ssim_loss: 2529.984131 - total_loss: 3338.621826
16:22:36 - Epoch 3/5 - Batch 270/280 - lr:0.000100 - pix_loss: 198.956955 - gra_loss: 683.551636 - mean_loss: 0.000000 - shallow_loss: 0.000000 - middle_loss: 0.000000 - deep_loss: 0.000000 - fea_loss: 0.000000 - ssim_loss: 2589.373779 - total_loss: 3471.882812
16:22:39 - Epoch 3/5 - Batch 280/280 - lr:0.000100 - pix_loss: 190.757553 - gra_loss: 663.259766 - mean_loss: 0.000000 - shallow_loss: 0.000000 - middle_loss: 0.000000 - deep_loss: 0.000000 - fea_loss: 0.000000 - ssim_loss: 2500.405029 - total_loss: 3354.422607

Epoch 3 completed in 95.36 seconds
Epoch 3 Summary: pix_loss: 0.000000 - gra_loss: 0.000000 - mean_loss: 0.000000 - shallow_loss: 0.000000 - middle_loss: 0.000000 - deep_loss: 0.000000 - fea_loss: 0.000000 - ssim_loss: 0.000000 - total_loss: 0.000000
------------------------------------------------------------

Epoch 4/5 started at 16:22:40
------------------------------------------------------------
16:22:43 - Epoch 4/5 - Batch 10/280 - lr:0.000100 - pix_loss: 168.929794 - gra_loss: 723.254272 - mean_loss: 0.000000 - shallow_loss: 0.000000 - middle_loss: 0.000000 - deep_loss: 0.000000 - fea_loss: 0.000000 - ssim_loss: 2587.829834 - total_loss: 3480.013672
16:22:46 - Epoch 4/5 - Batch 20/280 - lr:0.000100 - pix_loss: 174.094650 - gra_loss: 685.582458 - mean_loss: 0.000000 - shallow_loss: 0.000000 - middle_loss: 0.000000 - deep_loss: 0.000000 - fea_loss: 0.000000 - ssim_loss: 2563.725342 - total_loss: 3423.402100
16:22:50 - Epoch 4/5 - Batch 30/280 - lr:0.000100 - pix_loss: 186.274887 - gra_loss: 608.630127 - mean_loss: 0.000000 - shallow_loss: 0.000000 - middle_loss: 0.000000 - deep_loss: 0.000000 - fea_loss: 0.000000 - ssim_loss: 2544.885498 - total_loss: 3339.790283
16:22:53 - Epoch 4/5 - Batch 40/280 - lr:0.000100 - pix_loss: 155.817429 - gra_loss: 602.897888 - mean_loss: 0.000000 - shallow_loss: 0.000000 - middle_loss: 0.000000 - deep_loss: 0.000000 - fea_loss: 0.000000 - ssim_loss: 2488.879150 - total_loss: 3247.594727
16:22:57 - Epoch 4/5 - Batch 50/280 - lr:0.000100 - pix_loss: 143.172607 - gra_loss: 582.500610 - mean_loss: 0.000000 - shallow_loss: 0.000000 - middle_loss: 0.000000 - deep_loss: 0.000000 - fea_loss: 0.000000 - ssim_loss: 2512.011719 - total_loss: 3237.684814
16:23:00 - Epoch 4/5 - Batch 60/280 - lr:0.000100 - pix_loss: 161.427353 - gra_loss: 629.479492 - mean_loss: 0.000000 - shallow_loss: 0.000000 - middle_loss: 0.000000 - deep_loss: 0.000000 - fea_loss: 0.000000 - ssim_loss: 2494.526367 - total_loss: 3285.433350
16:23:03 - Epoch 4/5 - Batch 70/280 - lr:0.000100 - pix_loss: 161.025925 - gra_loss: 711.706787 - mean_loss: 0.000000 - shallow_loss: 0.000000 - middle_loss: 0.000000 - deep_loss: 0.000000 - fea_loss: 0.000000 - ssim_loss: 2553.472412 - total_loss: 3426.204834
16:23:07 - Epoch 4/5 - Batch 80/280 - lr:0.000100 - pix_loss: 152.136917 - gra_loss: 640.608948 - mean_loss: 0.000000 - shallow_loss: 0.000000 - middle_loss: 0.000000 - deep_loss: 0.000000 - fea_loss: 0.000000 - ssim_loss: 2536.078857 - total_loss: 3328.824951
16:23:10 - Epoch 4/5 - Batch 90/280 - lr:0.000100 - pix_loss: 143.621994 - gra_loss: 706.016724 - mean_loss: 0.000000 - shallow_loss: 0.000000 - middle_loss: 0.000000 - deep_loss: 0.000000 - fea_loss: 0.000000 - ssim_loss: 2593.780029 - total_loss: 3443.418457
16:23:14 - Epoch 4/5 - Batch 100/280 - lr:0.000100 - pix_loss: 159.681396 - gra_loss: 669.691833 - mean_loss: 0.000000 - shallow_loss: 0.000000 - middle_loss: 0.000000 - deep_loss: 0.000000 - fea_loss: 0.000000 - ssim_loss: 2523.819580 - total_loss: 3353.193115
16:23:17 - Epoch 4/5 - Batch 110/280 - lr:0.000100 - pix_loss: 176.572083 - gra_loss: 688.113892 - mean_loss: 0.000000 - shallow_loss: 0.000000 - middle_loss: 0.000000 - deep_loss: 0.000000 - fea_loss: 0.000000 - ssim_loss: 2564.232422 - total_loss: 3428.918701
16:23:20 - Epoch 4/5 - Batch 120/280 - lr:0.000100 - pix_loss: 174.329620 - gra_loss: 615.037659 - mean_loss: 0.000000 - shallow_loss: 0.000000 - middle_loss: 0.000000 - deep_loss: 0.000000 - fea_loss: 0.000000 - ssim_loss: 2536.191895 - total_loss: 3325.559082
16:23:24 - Epoch 4/5 - Batch 130/280 - lr:0.000100 - pix_loss: 165.338364 - gra_loss: 562.929626 - mean_loss: 0.000000 - shallow_loss: 0.000000 - middle_loss: 0.000000 - deep_loss: 0.000000 - fea_loss: 0.000000 - ssim_loss: 2491.321045 - total_loss: 3219.589111
16:23:27 - Epoch 4/5 - Batch 140/280 - lr:0.000100 - pix_loss: 161.587173 - gra_loss: 660.370850 - mean_loss: 0.000000 - shallow_loss: 0.000000 - middle_loss: 0.000000 - deep_loss: 0.000000 - fea_loss: 0.000000 - ssim_loss: 2535.269287 - total_loss: 3357.227295
16:23:30 - Epoch 4/5 - Batch 150/280 - lr:0.000100 - pix_loss: 172.305756 - gra_loss: 592.630310 - mean_loss: 0.000000 - shallow_loss: 0.000000 - middle_loss: 0.000000 - deep_loss: 0.000000 - fea_loss: 0.000000 - ssim_loss: 2498.407959 - total_loss: 3263.344238
16:23:34 - Epoch 4/5 - Batch 160/280 - lr:0.000100 - pix_loss: 157.392166 - gra_loss: 692.760132 - mean_loss: 0.000000 - shallow_loss: 0.000000 - middle_loss: 0.000000 - deep_loss: 0.000000 - fea_loss: 0.000000 - ssim_loss: 2544.115479 - total_loss: 3394.267578
16:23:37 - Epoch 4/5 - Batch 170/280 - lr:0.000100 - pix_loss: 183.894470 - gra_loss: 700.897461 - mean_loss: 0.000000 - shallow_loss: 0.000000 - middle_loss: 0.000000 - deep_loss: 0.000000 - fea_loss: 0.000000 - ssim_loss: 2478.582031 - total_loss: 3363.374268
16:23:41 - Epoch 4/5 - Batch 180/280 - lr:0.000100 - pix_loss: 153.877670 - gra_loss: 590.658386 - mean_loss: 0.000000 - shallow_loss: 0.000000 - middle_loss: 0.000000 - deep_loss: 0.000000 - fea_loss: 0.000000 - ssim_loss: 2505.252930 - total_loss: 3249.789307
16:23:44 - Epoch 4/5 - Batch 190/280 - lr:0.000100 - pix_loss: 158.517136 - gra_loss: 592.344971 - mean_loss: 0.000000 - shallow_loss: 0.000000 - middle_loss: 0.000000 - deep_loss: 0.000000 - fea_loss: 0.000000 - ssim_loss: 2506.645264 - total_loss: 3257.507568
16:23:48 - Epoch 4/5 - Batch 200/280 - lr:0.000100 - pix_loss: 216.317734 - gra_loss: 664.721375 - mean_loss: 0.000000 - shallow_loss: 0.000000 - middle_loss: 0.000000 - deep_loss: 0.000000 - fea_loss: 0.000000 - ssim_loss: 2584.664307 - total_loss: 3465.703125
16:23:51 - Epoch 4/5 - Batch 210/280 - lr:0.000100 - pix_loss: 158.974197 - gra_loss: 662.408936 - mean_loss: 0.000000 - shallow_loss: 0.000000 - middle_loss: 0.000000 - deep_loss: 0.000000 - fea_loss: 0.000000 - ssim_loss: 2466.829834 - total_loss: 3288.212891
16:23:54 - Epoch 4/5 - Batch 220/280 - lr:0.000100 - pix_loss: 128.365646 - gra_loss: 684.091248 - mean_loss: 0.000000 - shallow_loss: 0.000000 - middle_loss: 0.000000 - deep_loss: 0.000000 - fea_loss: 0.000000 - ssim_loss: 2554.132812 - total_loss: 3366.589844
16:23:58 - Epoch 4/5 - Batch 230/280 - lr:0.000100 - pix_loss: 182.722626 - gra_loss: 696.453369 - mean_loss: 0.000000 - shallow_loss: 0.000000 - middle_loss: 0.000000 - deep_loss: 0.000000 - fea_loss: 0.000000 - ssim_loss: 2562.498779 - total_loss: 3441.674561
16:24:01 - Epoch 4/5 - Batch 240/280 - lr:0.000100 - pix_loss: 152.133057 - gra_loss: 668.734070 - mean_loss: 0.000000 - shallow_loss: 0.000000 - middle_loss: 0.000000 - deep_loss: 0.000000 - fea_loss: 0.000000 - ssim_loss: 2579.978271 - total_loss: 3400.845703
16:24:04 - Epoch 4/5 - Batch 250/280 - lr:0.000100 - pix_loss: 163.824448 - gra_loss: 624.161438 - mean_loss: 0.000000 - shallow_loss: 0.000000 - middle_loss: 0.000000 - deep_loss: 0.000000 - fea_loss: 0.000000 - ssim_loss: 2533.177979 - total_loss: 3321.163818
16:24:08 - Epoch 4/5 - Batch 260/280 - lr:0.000100 - pix_loss: 180.689041 - gra_loss: 632.009521 - mean_loss: 0.000000 - shallow_loss: 0.000000 - middle_loss: 0.000000 - deep_loss: 0.000000 - fea_loss: 0.000000 - ssim_loss: 2510.888428 - total_loss: 3323.586670
16:24:11 - Epoch 4/5 - Batch 270/280 - lr:0.000100 - pix_loss: 161.422073 - gra_loss: 656.890991 - mean_loss: 0.000000 - shallow_loss: 0.000000 - middle_loss: 0.000000 - deep_loss: 0.000000 - fea_loss: 0.000000 - ssim_loss: 2514.386719 - total_loss: 3332.699951
16:24:15 - Epoch 4/5 - Batch 280/280 - lr:0.000100 - pix_loss: 152.081604 - gra_loss: 565.922058 - mean_loss: 0.000000 - shallow_loss: 0.000000 - middle_loss: 0.000000 - deep_loss: 0.000000 - fea_loss: 0.000000 - ssim_loss: 2462.555664 - total_loss: 3180.559082

Epoch 4 completed in 95.66 seconds
Epoch 4 Summary: pix_loss: 0.000000 - gra_loss: 0.000000 - mean_loss: 0.000000 - shallow_loss: 0.000000 - middle_loss: 0.000000 - deep_loss: 0.000000 - fea_loss: 0.000000 - ssim_loss: 0.000000 - total_loss: 0.000000
------------------------------------------------------------

Epoch 5/5 started at 16:24:15
------------------------------------------------------------
16:24:19 - Epoch 5/5 - Batch 10/280 - lr:0.000100 - pix_loss: 181.581711 - gra_loss: 703.298096 - mean_loss: 0.000000 - shallow_loss: 0.000000 - middle_loss: 0.000000 - deep_loss: 0.000000 - fea_loss: 0.000000 - ssim_loss: 2577.666260 - total_loss: 3462.546143
16:24:22 - Epoch 5/5 - Batch 20/280 - lr:0.000100 - pix_loss: 136.312317 - gra_loss: 584.220947 - mean_loss: 0.000000 - shallow_loss: 0.000000 - middle_loss: 0.000000 - deep_loss: 0.000000 - fea_loss: 0.000000 - ssim_loss: 2468.692139 - total_loss: 3189.225342
16:24:26 - Epoch 5/5 - Batch 30/280 - lr:0.000100 - pix_loss: 148.772141 - gra_loss: 610.536926 - mean_loss: 0.000000 - shallow_loss: 0.000000 - middle_loss: 0.000000 - deep_loss: 0.000000 - fea_loss: 0.000000 - ssim_loss: 2563.618896 - total_loss: 3322.928223
16:24:29 - Epoch 5/5 - Batch 40/280 - lr:0.000100 - pix_loss: 135.177612 - gra_loss: 635.846130 - mean_loss: 0.000000 - shallow_loss: 0.000000 - middle_loss: 0.000000 - deep_loss: 0.000000 - fea_loss: 0.000000 - ssim_loss: 2520.838623 - total_loss: 3291.862061
16:24:32 - Epoch 5/5 - Batch 50/280 - lr:0.000100 - pix_loss: 170.432007 - gra_loss: 704.479736 - mean_loss: 0.000000 - shallow_loss: 0.000000 - middle_loss: 0.000000 - deep_loss: 0.000000 - fea_loss: 0.000000 - ssim_loss: 2530.986084 - total_loss: 3405.898193
16:24:36 - Epoch 5/5 - Batch 60/280 - lr:0.000100 - pix_loss: 147.259445 - gra_loss: 583.148804 - mean_loss: 0.000000 - shallow_loss: 0.000000 - middle_loss: 0.000000 - deep_loss: 0.000000 - fea_loss: 0.000000 - ssim_loss: 2456.705566 - total_loss: 3187.113770
16:24:39 - Epoch 5/5 - Batch 70/280 - lr:0.000100 - pix_loss: 154.650162 - gra_loss: 630.669312 - mean_loss: 0.000000 - shallow_loss: 0.000000 - middle_loss: 0.000000 - deep_loss: 0.000000 - fea_loss: 0.000000 - ssim_loss: 2536.756104 - total_loss: 3322.075928
16:24:42 - Epoch 5/5 - Batch 80/280 - lr:0.000100 - pix_loss: 154.175064 - gra_loss: 571.212769 - mean_loss: 0.000000 - shallow_loss: 0.000000 - middle_loss: 0.000000 - deep_loss: 0.000000 - fea_loss: 0.000000 - ssim_loss: 2540.195068 - total_loss: 3265.582764
16:24:46 - Epoch 5/5 - Batch 90/280 - lr:0.000100 - pix_loss: 140.984406 - gra_loss: 662.553589 - mean_loss: 0.000000 - shallow_loss: 0.000000 - middle_loss: 0.000000 - deep_loss: 0.000000 - fea_loss: 0.000000 - ssim_loss: 2504.439941 - total_loss: 3307.977783
16:24:49 - Epoch 5/5 - Batch 100/280 - lr:0.000100 - pix_loss: 149.059540 - gra_loss: 647.270142 - mean_loss: 0.000000 - shallow_loss: 0.000000 - middle_loss: 0.000000 - deep_loss: 0.000000 - fea_loss: 0.000000 - ssim_loss: 2506.582031 - total_loss: 3302.911865
16:24:53 - Epoch 5/5 - Batch 110/280 - lr:0.000100 - pix_loss: 289.237549 - gra_loss: 651.044495 - mean_loss: 0.000000 - shallow_loss: 0.000000 - middle_loss: 0.000000 - deep_loss: 0.000000 - fea_loss: 0.000000 - ssim_loss: 2548.699219 - total_loss: 3488.980957
16:24:56 - Epoch 5/5 - Batch 120/280 - lr:0.000100 - pix_loss: 173.730225 - gra_loss: 655.729614 - mean_loss: 0.000000 - shallow_loss: 0.000000 - middle_loss: 0.000000 - deep_loss: 0.000000 - fea_loss: 0.000000 - ssim_loss: 2536.964111 - total_loss: 3366.423828
16:25:00 - Epoch 5/5 - Batch 130/280 - lr:0.000100 - pix_loss: 158.641876 - gra_loss: 660.960510 - mean_loss: 0.000000 - shallow_loss: 0.000000 - middle_loss: 0.000000 - deep_loss: 0.000000 - fea_loss: 0.000000 - ssim_loss: 2542.189453 - total_loss: 3361.791748
16:25:03 - Epoch 5/5 - Batch 140/280 - lr:0.000100 - pix_loss: 156.456223 - gra_loss: 603.366882 - mean_loss: 0.000000 - shallow_loss: 0.000000 - middle_loss: 0.000000 - deep_loss: 0.000000 - fea_loss: 0.000000 - ssim_loss: 2494.397705 - total_loss: 3254.220703
16:25:06 - Epoch 5/5 - Batch 150/280 - lr:0.000100 - pix_loss: 155.162933 - gra_loss: 679.043640 - mean_loss: 0.000000 - shallow_loss: 0.000000 - middle_loss: 0.000000 - deep_loss: 0.000000 - fea_loss: 0.000000 - ssim_loss: 2518.534912 - total_loss: 3352.741455
16:25:10 - Epoch 5/5 - Batch 160/280 - lr:0.000100 - pix_loss: 142.532684 - gra_loss: 701.726196 - mean_loss: 0.000000 - shallow_loss: 0.000000 - middle_loss: 0.000000 - deep_loss: 0.000000 - fea_loss: 0.000000 - ssim_loss: 2540.599365 - total_loss: 3384.858154
16:25:13 - Epoch 5/5 - Batch 170/280 - lr:0.000100 - pix_loss: 186.523560 - gra_loss: 654.714050 - mean_loss: 0.000000 - shallow_loss: 0.000000 - middle_loss: 0.000000 - deep_loss: 0.000000 - fea_loss: 0.000000 - ssim_loss: 2558.470459 - total_loss: 3399.707764
16:25:17 - Epoch 5/5 - Batch 180/280 - lr:0.000100 - pix_loss: 190.428253 - gra_loss: 675.507751 - mean_loss: 0.000000 - shallow_loss: 0.000000 - middle_loss: 0.000000 - deep_loss: 0.000000 - fea_loss: 0.000000 - ssim_loss: 2501.619141 - total_loss: 3367.555420
16:25:20 - Epoch 5/5 - Batch 190/280 - lr:0.000100 - pix_loss: 186.920090 - gra_loss: 698.861511 - mean_loss: 0.000000 - shallow_loss: 0.000000 - middle_loss: 0.000000 - deep_loss: 0.000000 - fea_loss: 0.000000 - ssim_loss: 2549.758545 - total_loss: 3435.540283
16:25:24 - Epoch 5/5 - Batch 200/280 - lr:0.000100 - pix_loss: 126.890846 - gra_loss: 532.316589 - mean_loss: 0.000000 - shallow_loss: 0.000000 - middle_loss: 0.000000 - deep_loss: 0.000000 - fea_loss: 0.000000 - ssim_loss: 2442.105469 - total_loss: 3101.313232
16:25:27 - Epoch 5/5 - Batch 210/280 - lr:0.000100 - pix_loss: 207.018021 - gra_loss: 601.687256 - mean_loss: 0.000000 - shallow_loss: 0.000000 - middle_loss: 0.000000 - deep_loss: 0.000000 - fea_loss: 0.000000 - ssim_loss: 2523.283691 - total_loss: 3331.988770
16:25:31 - Epoch 5/5 - Batch 220/280 - lr:0.000100 - pix_loss: 133.424911 - gra_loss: 626.802917 - mean_loss: 0.000000 - shallow_loss: 0.000000 - middle_loss: 0.000000 - deep_loss: 0.000000 - fea_loss: 0.000000 - ssim_loss: 2539.151367 - total_loss: 3299.378906
16:25:34 - Epoch 5/5 - Batch 230/280 - lr:0.000100 - pix_loss: 136.989120 - gra_loss: 601.506165 - mean_loss: 0.000000 - shallow_loss: 0.000000 - middle_loss: 0.000000 - deep_loss: 0.000000 - fea_loss: 0.000000 - ssim_loss: 2537.721191 - total_loss: 3276.216309
16:25:37 - Epoch 5/5 - Batch 240/280 - lr:0.000100 - pix_loss: 121.663811 - gra_loss: 524.824402 - mean_loss: 0.000000 - shallow_loss: 0.000000 - middle_loss: 0.000000 - deep_loss: 0.000000 - fea_loss: 0.000000 - ssim_loss: 2472.709961 - total_loss: 3119.197998
16:25:41 - Epoch 5/5 - Batch 250/280 - lr:0.000100 - pix_loss: 139.179001 - gra_loss: 575.425598 - mean_loss: 0.000000 - shallow_loss: 0.000000 - middle_loss: 0.000000 - deep_loss: 0.000000 - fea_loss: 0.000000 - ssim_loss: 2536.697021 - total_loss: 3251.301514
16:25:44 - Epoch 5/5 - Batch 260/280 - lr:0.000100 - pix_loss: 134.072891 - gra_loss: 705.323669 - mean_loss: 0.000000 - shallow_loss: 0.000000 - middle_loss: 0.000000 - deep_loss: 0.000000 - fea_loss: 0.000000 - ssim_loss: 2580.074463 - total_loss: 3419.470703
16:25:47 - Epoch 5/5 - Batch 270/280 - lr:0.000100 - pix_loss: 146.248276 - gra_loss: 585.483337 - mean_loss: 0.000000 - shallow_loss: 0.000000 - middle_loss: 0.000000 - deep_loss: 0.000000 - fea_loss: 0.000000 - ssim_loss: 2469.406006 - total_loss: 3201.138184
16:25:51 - Epoch 5/5 - Batch 280/280 - lr:0.000100 - pix_loss: 164.865280 - gra_loss: 593.723572 - mean_loss: 0.000000 - shallow_loss: 0.000000 - middle_loss: 0.000000 - deep_loss: 0.000000 - fea_loss: 0.000000 - ssim_loss: 2511.900146 - total_loss: 3270.488770

Epoch 5 completed in 96.15 seconds
Epoch 5 Summary: pix_loss: 0.000000 - gra_loss: 0.000000 - mean_loss: 0.000000 - shallow_loss: 0.000000 - middle_loss: 0.000000 - deep_loss: 0.000000 - fea_loss: 0.000000 - ssim_loss: 0.000000 - total_loss: 0.000000
------------------------------------------------------------

Training completed in 0.00 seconds
Log saved to: ./models/transfuse/logs/TransFuse_training_20250816_161754.log
================================================================================
