CrossFuse Training Log - TransFuse
Started at: 2025-08-16 16:27:22
================================================================================


Epoch 1/5 started at 16:27:22
------------------------------------------------------------
16:27:26 - Epoch 1/5 - Batch 10/280 - lr:0.001000 - pix_loss: 5484.890625 - gra_loss: 1620.212036 - mean_loss: 0.000000 - shallow_loss: 0.000000 - middle_loss: 0.000000 - deep_loss: 0.000000 - fea_loss: 0.000000 - ssim_loss: 2195.008301 - total_loss: 9300.110352
16:27:29 - Epoch 1/5 - Batch 20/280 - lr:0.001000 - pix_loss: 4499.984375 - gra_loss: 1623.369507 - mean_loss: 0.000000 - shallow_loss: 0.000000 - middle_loss: 0.000000 - deep_loss: 0.000000 - fea_loss: 0.000000 - ssim_loss: 1997.336548 - total_loss: 8120.690918
16:27:33 - Epoch 1/5 - Batch 30/280 - lr:0.001000 - pix_loss: 4113.200684 - gra_loss: 1403.744751 - mean_loss: 0.000000 - shallow_loss: 0.000000 - middle_loss: 0.000000 - deep_loss: 0.000000 - fea_loss: 0.000000 - ssim_loss: 1924.843750 - total_loss: 7441.788574
16:27:36 - Epoch 1/5 - Batch 40/280 - lr:0.001000 - pix_loss: 3283.339844 - gra_loss: 1479.632690 - mean_loss: 0.000000 - shallow_loss: 0.000000 - middle_loss: 0.000000 - deep_loss: 0.000000 - fea_loss: 0.000000 - ssim_loss: 1962.399414 - total_loss: 6725.372070
16:27:40 - Epoch 1/5 - Batch 50/280 - lr:0.001000 - pix_loss: 3025.649414 - gra_loss: 1495.823608 - mean_loss: 0.000000 - shallow_loss: 0.000000 - middle_loss: 0.000000 - deep_loss: 0.000000 - fea_loss: 0.000000 - ssim_loss: 1982.434937 - total_loss: 6503.908203
16:27:43 - Epoch 1/5 - Batch 60/280 - lr:0.001000 - pix_loss: 2407.755615 - gra_loss: 1215.251221 - mean_loss: 0.000000 - shallow_loss: 0.000000 - middle_loss: 0.000000 - deep_loss: 0.000000 - fea_loss: 0.000000 - ssim_loss: 1741.892944 - total_loss: 5364.899414
16:27:46 - Epoch 1/5 - Batch 70/280 - lr:0.001000 - pix_loss: 2158.270020 - gra_loss: 1432.609985 - mean_loss: 0.000000 - shallow_loss: 0.000000 - middle_loss: 0.000000 - deep_loss: 0.000000 - fea_loss: 0.000000 - ssim_loss: 1719.234009 - total_loss: 5310.114258
16:27:50 - Epoch 1/5 - Batch 80/280 - lr:0.001000 - pix_loss: 2350.710693 - gra_loss: 1571.731934 - mean_loss: 0.000000 - shallow_loss: 0.000000 - middle_loss: 0.000000 - deep_loss: 0.000000 - fea_loss: 0.000000 - ssim_loss: 1717.739136 - total_loss: 5640.181152
16:27:53 - Epoch 1/5 - Batch 90/280 - lr:0.001000 - pix_loss: 2924.324219 - gra_loss: 1577.470947 - mean_loss: 0.000000 - shallow_loss: 0.000000 - middle_loss: 0.000000 - deep_loss: 0.000000 - fea_loss: 0.000000 - ssim_loss: 1732.134399 - total_loss: 6233.929688
16:27:57 - Epoch 1/5 - Batch 100/280 - lr:0.001000 - pix_loss: 1834.096558 - gra_loss: 1278.063110 - mean_loss: 0.000000 - shallow_loss: 0.000000 - middle_loss: 0.000000 - deep_loss: 0.000000 - fea_loss: 0.000000 - ssim_loss: 1652.987671 - total_loss: 4765.147949
16:28:00 - Epoch 1/5 - Batch 110/280 - lr:0.001000 - pix_loss: 1614.115479 - gra_loss: 1650.674072 - mean_loss: 0.000000 - shallow_loss: 0.000000 - middle_loss: 0.000000 - deep_loss: 0.000000 - fea_loss: 0.000000 - ssim_loss: 1665.695557 - total_loss: 4930.484863
16:28:04 - Epoch 1/5 - Batch 120/280 - lr:0.001000 - pix_loss: 1158.701416 - gra_loss: 1444.819824 - mean_loss: 0.000000 - shallow_loss: 0.000000 - middle_loss: 0.000000 - deep_loss: 0.000000 - fea_loss: 0.000000 - ssim_loss: 1611.694092 - total_loss: 4215.215332
16:28:07 - Epoch 1/5 - Batch 130/280 - lr:0.001000 - pix_loss: 1429.469971 - gra_loss: 1639.416260 - mean_loss: 0.000000 - shallow_loss: 0.000000 - middle_loss: 0.000000 - deep_loss: 0.000000 - fea_loss: 0.000000 - ssim_loss: 1644.406616 - total_loss: 4713.293457
16:28:11 - Epoch 1/5 - Batch 140/280 - lr:0.001000 - pix_loss: 1214.310425 - gra_loss: 1337.948486 - mean_loss: 0.000000 - shallow_loss: 0.000000 - middle_loss: 0.000000 - deep_loss: 0.000000 - fea_loss: 0.000000 - ssim_loss: 1557.765625 - total_loss: 4110.023926
16:28:14 - Epoch 1/5 - Batch 150/280 - lr:0.001000 - pix_loss: 1276.679810 - gra_loss: 1469.346313 - mean_loss: 0.000000 - shallow_loss: 0.000000 - middle_loss: 0.000000 - deep_loss: 0.000000 - fea_loss: 0.000000 - ssim_loss: 1622.273682 - total_loss: 4368.299805
16:28:17 - Epoch 1/5 - Batch 160/280 - lr:0.001000 - pix_loss: 1318.841309 - gra_loss: 1398.296021 - mean_loss: 0.000000 - shallow_loss: 0.000000 - middle_loss: 0.000000 - deep_loss: 0.000000 - fea_loss: 0.000000 - ssim_loss: 1539.483276 - total_loss: 4256.621094
16:28:21 - Epoch 1/5 - Batch 170/280 - lr:0.001000 - pix_loss: 1174.197021 - gra_loss: 1339.582275 - mean_loss: 0.000000 - shallow_loss: 0.000000 - middle_loss: 0.000000 - deep_loss: 0.000000 - fea_loss: 0.000000 - ssim_loss: 1537.267822 - total_loss: 4051.046875
16:28:24 - Epoch 1/5 - Batch 180/280 - lr:0.001000 - pix_loss: 1061.853516 - gra_loss: 1545.519653 - mean_loss: 0.000000 - shallow_loss: 0.000000 - middle_loss: 0.000000 - deep_loss: 0.000000 - fea_loss: 0.000000 - ssim_loss: 1557.710938 - total_loss: 4165.084473
16:28:27 - Epoch 1/5 - Batch 190/280 - lr:0.001000 - pix_loss: 1978.809814 - gra_loss: 1435.286133 - mean_loss: 0.000000 - shallow_loss: 0.000000 - middle_loss: 0.000000 - deep_loss: 0.000000 - fea_loss: 0.000000 - ssim_loss: 1551.519409 - total_loss: 4965.615234
16:28:31 - Epoch 1/5 - Batch 200/280 - lr:0.001000 - pix_loss: 1135.137573 - gra_loss: 1466.453979 - mean_loss: 0.000000 - shallow_loss: 0.000000 - middle_loss: 0.000000 - deep_loss: 0.000000 - fea_loss: 0.000000 - ssim_loss: 1550.033813 - total_loss: 4151.625488
16:28:34 - Epoch 1/5 - Batch 210/280 - lr:0.001000 - pix_loss: 939.322876 - gra_loss: 1182.354736 - mean_loss: 0.000000 - shallow_loss: 0.000000 - middle_loss: 0.000000 - deep_loss: 0.000000 - fea_loss: 0.000000 - ssim_loss: 1487.175781 - total_loss: 3608.853271
16:28:38 - Epoch 1/5 - Batch 220/280 - lr:0.001000 - pix_loss: 770.862915 - gra_loss: 1535.755249 - mean_loss: 0.000000 - shallow_loss: 0.000000 - middle_loss: 0.000000 - deep_loss: 0.000000 - fea_loss: 0.000000 - ssim_loss: 1534.711060 - total_loss: 3841.329346
16:28:41 - Epoch 1/5 - Batch 230/280 - lr:0.001000 - pix_loss: 678.913818 - gra_loss: 1424.241455 - mean_loss: 0.000000 - shallow_loss: 0.000000 - middle_loss: 0.000000 - deep_loss: 0.000000 - fea_loss: 0.000000 - ssim_loss: 1503.052979 - total_loss: 3606.208252
16:28:45 - Epoch 1/5 - Batch 240/280 - lr:0.001000 - pix_loss: 992.383423 - gra_loss: 1481.353638 - mean_loss: 0.000000 - shallow_loss: 0.000000 - middle_loss: 0.000000 - deep_loss: 0.000000 - fea_loss: 0.000000 - ssim_loss: 1526.489990 - total_loss: 4000.227051
16:28:48 - Epoch 1/5 - Batch 250/280 - lr:0.001000 - pix_loss: 1091.429321 - gra_loss: 1374.830444 - mean_loss: 0.000000 - shallow_loss: 0.000000 - middle_loss: 0.000000 - deep_loss: 0.000000 - fea_loss: 0.000000 - ssim_loss: 1533.011353 - total_loss: 3999.271240
16:28:51 - Epoch 1/5 - Batch 260/280 - lr:0.001000 - pix_loss: 977.359497 - gra_loss: 1317.803711 - mean_loss: 0.000000 - shallow_loss: 0.000000 - middle_loss: 0.000000 - deep_loss: 0.000000 - fea_loss: 0.000000 - ssim_loss: 1511.053101 - total_loss: 3806.216553
16:28:55 - Epoch 1/5 - Batch 270/280 - lr:0.001000 - pix_loss: 1052.866455 - gra_loss: 1554.569214 - mean_loss: 0.000000 - shallow_loss: 0.000000 - middle_loss: 0.000000 - deep_loss: 0.000000 - fea_loss: 0.000000 - ssim_loss: 1533.745117 - total_loss: 4141.181152
16:28:58 - Epoch 1/5 - Batch 280/280 - lr:0.001000 - pix_loss: 699.160156 - gra_loss: 1329.917114 - mean_loss: 0.000000 - shallow_loss: 0.000000 - middle_loss: 0.000000 - deep_loss: 0.000000 - fea_loss: 0.000000 - ssim_loss: 1450.065186 - total_loss: 3479.142334

Epoch 1 completed in 96.63 seconds
Epoch 1 Summary: pix_loss: 0.000000 - gra_loss: 0.000000 - mean_loss: 0.000000 - shallow_loss: 0.000000 - middle_loss: 0.000000 - deep_loss: 0.000000 - fea_loss: 0.000000 - ssim_loss: 0.000000 - total_loss: 0.000000
------------------------------------------------------------

Epoch 2/5 started at 16:28:59
------------------------------------------------------------
16:29:02 - Epoch 2/5 - Batch 10/280 - lr:0.001000 - pix_loss: 577.672058 - gra_loss: 1426.598999 - mean_loss: 0.000000 - shallow_loss: 0.000000 - middle_loss: 0.000000 - deep_loss: 0.000000 - fea_loss: 0.000000 - ssim_loss: 1468.561401 - total_loss: 3472.832520
16:29:06 - Epoch 2/5 - Batch 20/280 - lr:0.001000 - pix_loss: 652.921143 - gra_loss: 1451.550415 - mean_loss: 0.000000 - shallow_loss: 0.000000 - middle_loss: 0.000000 - deep_loss: 0.000000 - fea_loss: 0.000000 - ssim_loss: 1470.292358 - total_loss: 3574.763672
16:29:09 - Epoch 2/5 - Batch 30/280 - lr:0.001000 - pix_loss: 799.178650 - gra_loss: 1498.683105 - mean_loss: 0.000000 - shallow_loss: 0.000000 - middle_loss: 0.000000 - deep_loss: 0.000000 - fea_loss: 0.000000 - ssim_loss: 1494.720337 - total_loss: 3792.582031
16:29:13 - Epoch 2/5 - Batch 40/280 - lr:0.001000 - pix_loss: 839.500183 - gra_loss: 1467.872681 - mean_loss: 0.000000 - shallow_loss: 0.000000 - middle_loss: 0.000000 - deep_loss: 0.000000 - fea_loss: 0.000000 - ssim_loss: 1482.131714 - total_loss: 3789.504395
16:29:16 - Epoch 2/5 - Batch 50/280 - lr:0.001000 - pix_loss: 629.112854 - gra_loss: 1252.534546 - mean_loss: 0.000000 - shallow_loss: 0.000000 - middle_loss: 0.000000 - deep_loss: 0.000000 - fea_loss: 0.000000 - ssim_loss: 1378.570190 - total_loss: 3260.217529
16:29:19 - Epoch 2/5 - Batch 60/280 - lr:0.001000 - pix_loss: 429.661224 - gra_loss: 1204.346802 - mean_loss: 0.000000 - shallow_loss: 0.000000 - middle_loss: 0.000000 - deep_loss: 0.000000 - fea_loss: 0.000000 - ssim_loss: 1332.675049 - total_loss: 2966.683350
16:29:23 - Epoch 2/5 - Batch 70/280 - lr:0.001000 - pix_loss: 358.967285 - gra_loss: 927.213318 - mean_loss: 0.000000 - shallow_loss: 0.000000 - middle_loss: 0.000000 - deep_loss: 0.000000 - fea_loss: 0.000000 - ssim_loss: 1306.937866 - total_loss: 2593.118652
16:29:26 - Epoch 2/5 - Batch 80/280 - lr:0.001000 - pix_loss: 340.294067 - gra_loss: 916.174255 - mean_loss: 0.000000 - shallow_loss: 0.000000 - middle_loss: 0.000000 - deep_loss: 0.000000 - fea_loss: 0.000000 - ssim_loss: 1310.911865 - total_loss: 2567.380127
16:29:30 - Epoch 2/5 - Batch 90/280 - lr:0.001000 - pix_loss: 406.076630 - gra_loss: 894.338074 - mean_loss: 0.000000 - shallow_loss: 0.000000 - middle_loss: 0.000000 - deep_loss: 0.000000 - fea_loss: 0.000000 - ssim_loss: 1292.284058 - total_loss: 2592.698975
16:29:33 - Epoch 2/5 - Batch 100/280 - lr:0.001000 - pix_loss: 243.246078 - gra_loss: 857.229309 - mean_loss: 0.000000 - shallow_loss: 0.000000 - middle_loss: 0.000000 - deep_loss: 0.000000 - fea_loss: 0.000000 - ssim_loss: 1292.599976 - total_loss: 2393.075195
16:29:36 - Epoch 2/5 - Batch 110/280 - lr:0.001000 - pix_loss: 219.067795 - gra_loss: 902.979126 - mean_loss: 0.000000 - shallow_loss: 0.000000 - middle_loss: 0.000000 - deep_loss: 0.000000 - fea_loss: 0.000000 - ssim_loss: 1302.968628 - total_loss: 2425.015625
16:29:40 - Epoch 2/5 - Batch 120/280 - lr:0.001000 - pix_loss: 219.507278 - gra_loss: 884.588501 - mean_loss: 0.000000 - shallow_loss: 0.000000 - middle_loss: 0.000000 - deep_loss: 0.000000 - fea_loss: 0.000000 - ssim_loss: 1290.471924 - total_loss: 2394.567627
16:29:43 - Epoch 2/5 - Batch 130/280 - lr:0.001000 - pix_loss: 207.125244 - gra_loss: 821.287720 - mean_loss: 0.000000 - shallow_loss: 0.000000 - middle_loss: 0.000000 - deep_loss: 0.000000 - fea_loss: 0.000000 - ssim_loss: 1300.318115 - total_loss: 2328.730957
16:29:46 - Epoch 2/5 - Batch 140/280 - lr:0.001000 - pix_loss: 235.055038 - gra_loss: 896.503113 - mean_loss: 0.000000 - shallow_loss: 0.000000 - middle_loss: 0.000000 - deep_loss: 0.000000 - fea_loss: 0.000000 - ssim_loss: 1318.246094 - total_loss: 2449.804443
16:29:50 - Epoch 2/5 - Batch 150/280 - lr:0.001000 - pix_loss: 218.679596 - gra_loss: 761.077942 - mean_loss: 0.000000 - shallow_loss: 0.000000 - middle_loss: 0.000000 - deep_loss: 0.000000 - fea_loss: 0.000000 - ssim_loss: 1280.314941 - total_loss: 2260.072266
16:29:53 - Epoch 2/5 - Batch 160/280 - lr:0.001000 - pix_loss: 217.172440 - gra_loss: 848.728149 - mean_loss: 0.000000 - shallow_loss: 0.000000 - middle_loss: 0.000000 - deep_loss: 0.000000 - fea_loss: 0.000000 - ssim_loss: 1289.267090 - total_loss: 2355.167725
16:29:56 - Epoch 2/5 - Batch 170/280 - lr:0.001000 - pix_loss: 238.630539 - gra_loss: 802.108337 - mean_loss: 0.000000 - shallow_loss: 0.000000 - middle_loss: 0.000000 - deep_loss: 0.000000 - fea_loss: 0.000000 - ssim_loss: 1297.285767 - total_loss: 2338.024414
16:30:00 - Epoch 2/5 - Batch 180/280 - lr:0.001000 - pix_loss: 196.723984 - gra_loss: 851.012695 - mean_loss: 0.000000 - shallow_loss: 0.000000 - middle_loss: 0.000000 - deep_loss: 0.000000 - fea_loss: 0.000000 - ssim_loss: 1297.093872 - total_loss: 2344.830811
16:30:03 - Epoch 2/5 - Batch 190/280 - lr:0.001000 - pix_loss: 230.893829 - gra_loss: 751.626648 - mean_loss: 0.000000 - shallow_loss: 0.000000 - middle_loss: 0.000000 - deep_loss: 0.000000 - fea_loss: 0.000000 - ssim_loss: 1281.788696 - total_loss: 2264.309082
16:30:07 - Epoch 2/5 - Batch 200/280 - lr:0.001000 - pix_loss: 232.668930 - gra_loss: 757.519104 - mean_loss: 0.000000 - shallow_loss: 0.000000 - middle_loss: 0.000000 - deep_loss: 0.000000 - fea_loss: 0.000000 - ssim_loss: 1261.969116 - total_loss: 2252.156982
16:30:10 - Epoch 2/5 - Batch 210/280 - lr:0.001000 - pix_loss: 191.875137 - gra_loss: 735.827271 - mean_loss: 0.000000 - shallow_loss: 0.000000 - middle_loss: 0.000000 - deep_loss: 0.000000 - fea_loss: 0.000000 - ssim_loss: 1266.701416 - total_loss: 2194.403809
16:30:14 - Epoch 2/5 - Batch 220/280 - lr:0.001000 - pix_loss: 184.667603 - gra_loss: 785.200134 - mean_loss: 0.000000 - shallow_loss: 0.000000 - middle_loss: 0.000000 - deep_loss: 0.000000 - fea_loss: 0.000000 - ssim_loss: 1266.493652 - total_loss: 2236.361328
16:30:18 - Epoch 2/5 - Batch 230/280 - lr:0.001000 - pix_loss: 303.021118 - gra_loss: 830.878052 - mean_loss: 0.000000 - shallow_loss: 0.000000 - middle_loss: 0.000000 - deep_loss: 0.000000 - fea_loss: 0.000000 - ssim_loss: 1276.033569 - total_loss: 2409.932373
16:30:21 - Epoch 2/5 - Batch 240/280 - lr:0.001000 - pix_loss: 229.383133 - gra_loss: 790.042175 - mean_loss: 0.000000 - shallow_loss: 0.000000 - middle_loss: 0.000000 - deep_loss: 0.000000 - fea_loss: 0.000000 - ssim_loss: 1280.345215 - total_loss: 2299.770752
16:30:25 - Epoch 2/5 - Batch 250/280 - lr:0.001000 - pix_loss: 203.921692 - gra_loss: 706.409607 - mean_loss: 0.000000 - shallow_loss: 0.000000 - middle_loss: 0.000000 - deep_loss: 0.000000 - fea_loss: 0.000000 - ssim_loss: 1283.010498 - total_loss: 2193.341797
16:30:28 - Epoch 2/5 - Batch 260/280 - lr:0.001000 - pix_loss: 346.011688 - gra_loss: 696.721130 - mean_loss: 0.000000 - shallow_loss: 0.000000 - middle_loss: 0.000000 - deep_loss: 0.000000 - fea_loss: 0.000000 - ssim_loss: 1268.052490 - total_loss: 2310.785156
16:30:31 - Epoch 2/5 - Batch 270/280 - lr:0.001000 - pix_loss: 221.835526 - gra_loss: 745.882507 - mean_loss: 0.000000 - shallow_loss: 0.000000 - middle_loss: 0.000000 - deep_loss: 0.000000 - fea_loss: 0.000000 - ssim_loss: 1270.848022 - total_loss: 2238.566162
16:30:35 - Epoch 2/5 - Batch 280/280 - lr:0.001000 - pix_loss: 196.608200 - gra_loss: 685.831421 - mean_loss: 0.000000 - shallow_loss: 0.000000 - middle_loss: 0.000000 - deep_loss: 0.000000 - fea_loss: 0.000000 - ssim_loss: 1282.009766 - total_loss: 2164.449707

Epoch 2 completed in 96.59 seconds
Epoch 2 Summary: pix_loss: 0.000000 - gra_loss: 0.000000 - mean_loss: 0.000000 - shallow_loss: 0.000000 - middle_loss: 0.000000 - deep_loss: 0.000000 - fea_loss: 0.000000 - ssim_loss: 0.000000 - total_loss: 0.000000
------------------------------------------------------------

Epoch 3/5 started at 16:30:36
------------------------------------------------------------
16:30:39 - Epoch 3/5 - Batch 10/280 - lr:0.000100 - pix_loss: 243.558670 - gra_loss: 734.466553 - mean_loss: 0.000000 - shallow_loss: 0.000000 - middle_loss: 0.000000 - deep_loss: 0.000000 - fea_loss: 0.000000 - ssim_loss: 1280.512573 - total_loss: 2258.537842
16:30:42 - Epoch 3/5 - Batch 20/280 - lr:0.000100 - pix_loss: 232.027176 - gra_loss: 763.703918 - mean_loss: 0.000000 - shallow_loss: 0.000000 - middle_loss: 0.000000 - deep_loss: 0.000000 - fea_loss: 0.000000 - ssim_loss: 1311.431763 - total_loss: 2307.162842
16:30:46 - Epoch 3/5 - Batch 30/280 - lr:0.000100 - pix_loss: 190.614227 - gra_loss: 774.926819 - mean_loss: 0.000000 - shallow_loss: 0.000000 - middle_loss: 0.000000 - deep_loss: 0.000000 - fea_loss: 0.000000 - ssim_loss: 1259.560669 - total_loss: 2225.101318
16:30:49 - Epoch 3/5 - Batch 40/280 - lr:0.000100 - pix_loss: 182.356247 - gra_loss: 667.140808 - mean_loss: 0.000000 - shallow_loss: 0.000000 - middle_loss: 0.000000 - deep_loss: 0.000000 - fea_loss: 0.000000 - ssim_loss: 1256.639893 - total_loss: 2106.136719
16:30:53 - Epoch 3/5 - Batch 50/280 - lr:0.000100 - pix_loss: 184.518631 - gra_loss: 755.680725 - mean_loss: 0.000000 - shallow_loss: 0.000000 - middle_loss: 0.000000 - deep_loss: 0.000000 - fea_loss: 0.000000 - ssim_loss: 1277.131592 - total_loss: 2217.330811
16:30:56 - Epoch 3/5 - Batch 60/280 - lr:0.000100 - pix_loss: 164.026123 - gra_loss: 701.911438 - mean_loss: 0.000000 - shallow_loss: 0.000000 - middle_loss: 0.000000 - deep_loss: 0.000000 - fea_loss: 0.000000 - ssim_loss: 1270.715698 - total_loss: 2136.653564
16:30:59 - Epoch 3/5 - Batch 70/280 - lr:0.000100 - pix_loss: 202.905945 - gra_loss: 734.991272 - mean_loss: 0.000000 - shallow_loss: 0.000000 - middle_loss: 0.000000 - deep_loss: 0.000000 - fea_loss: 0.000000 - ssim_loss: 1285.224487 - total_loss: 2223.121826
16:31:03 - Epoch 3/5 - Batch 80/280 - lr:0.000100 - pix_loss: 178.030594 - gra_loss: 711.439209 - mean_loss: 0.000000 - shallow_loss: 0.000000 - middle_loss: 0.000000 - deep_loss: 0.000000 - fea_loss: 0.000000 - ssim_loss: 1269.944092 - total_loss: 2159.413818
16:31:06 - Epoch 3/5 - Batch 90/280 - lr:0.000100 - pix_loss: 178.026505 - gra_loss: 703.508484 - mean_loss: 0.000000 - shallow_loss: 0.000000 - middle_loss: 0.000000 - deep_loss: 0.000000 - fea_loss: 0.000000 - ssim_loss: 1252.107300 - total_loss: 2133.642334
16:31:09 - Epoch 3/5 - Batch 100/280 - lr:0.000100 - pix_loss: 159.716125 - gra_loss: 695.071106 - mean_loss: 0.000000 - shallow_loss: 0.000000 - middle_loss: 0.000000 - deep_loss: 0.000000 - fea_loss: 0.000000 - ssim_loss: 1239.247314 - total_loss: 2094.034668
16:31:13 - Epoch 3/5 - Batch 110/280 - lr:0.000100 - pix_loss: 176.510056 - gra_loss: 746.216919 - mean_loss: 0.000000 - shallow_loss: 0.000000 - middle_loss: 0.000000 - deep_loss: 0.000000 - fea_loss: 0.000000 - ssim_loss: 1276.837280 - total_loss: 2199.564209
16:31:16 - Epoch 3/5 - Batch 120/280 - lr:0.000100 - pix_loss: 169.725113 - gra_loss: 721.923767 - mean_loss: 0.000000 - shallow_loss: 0.000000 - middle_loss: 0.000000 - deep_loss: 0.000000 - fea_loss: 0.000000 - ssim_loss: 1265.068604 - total_loss: 2156.717529
16:31:19 - Epoch 3/5 - Batch 130/280 - lr:0.000100 - pix_loss: 182.771286 - gra_loss: 673.580750 - mean_loss: 0.000000 - shallow_loss: 0.000000 - middle_loss: 0.000000 - deep_loss: 0.000000 - fea_loss: 0.000000 - ssim_loss: 1257.958252 - total_loss: 2114.310059
16:31:23 - Epoch 3/5 - Batch 140/280 - lr:0.000100 - pix_loss: 184.626266 - gra_loss: 651.338745 - mean_loss: 0.000000 - shallow_loss: 0.000000 - middle_loss: 0.000000 - deep_loss: 0.000000 - fea_loss: 0.000000 - ssim_loss: 1249.746948 - total_loss: 2085.711670
16:31:26 - Epoch 3/5 - Batch 150/280 - lr:0.000100 - pix_loss: 176.623718 - gra_loss: 696.971436 - mean_loss: 0.000000 - shallow_loss: 0.000000 - middle_loss: 0.000000 - deep_loss: 0.000000 - fea_loss: 0.000000 - ssim_loss: 1238.717529 - total_loss: 2112.312744
16:31:30 - Epoch 3/5 - Batch 160/280 - lr:0.000100 - pix_loss: 193.134811 - gra_loss: 742.167297 - mean_loss: 0.000000 - shallow_loss: 0.000000 - middle_loss: 0.000000 - deep_loss: 0.000000 - fea_loss: 0.000000 - ssim_loss: 1252.376831 - total_loss: 2187.679199
16:31:33 - Epoch 3/5 - Batch 170/280 - lr:0.000100 - pix_loss: 191.461151 - gra_loss: 740.842712 - mean_loss: 0.000000 - shallow_loss: 0.000000 - middle_loss: 0.000000 - deep_loss: 0.000000 - fea_loss: 0.000000 - ssim_loss: 1265.365234 - total_loss: 2197.668945
16:31:37 - Epoch 3/5 - Batch 180/280 - lr:0.000100 - pix_loss: 173.154617 - gra_loss: 734.215149 - mean_loss: 0.000000 - shallow_loss: 0.000000 - middle_loss: 0.000000 - deep_loss: 0.000000 - fea_loss: 0.000000 - ssim_loss: 1267.627319 - total_loss: 2174.997314
16:31:40 - Epoch 3/5 - Batch 190/280 - lr:0.000100 - pix_loss: 178.712067 - gra_loss: 614.584595 - mean_loss: 0.000000 - shallow_loss: 0.000000 - middle_loss: 0.000000 - deep_loss: 0.000000 - fea_loss: 0.000000 - ssim_loss: 1244.955688 - total_loss: 2038.252319
16:31:43 - Epoch 3/5 - Batch 200/280 - lr:0.000100 - pix_loss: 188.435699 - gra_loss: 722.567871 - mean_loss: 0.000000 - shallow_loss: 0.000000 - middle_loss: 0.000000 - deep_loss: 0.000000 - fea_loss: 0.000000 - ssim_loss: 1278.317993 - total_loss: 2189.321777
16:31:47 - Epoch 3/5 - Batch 210/280 - lr:0.000100 - pix_loss: 172.093018 - gra_loss: 671.206604 - mean_loss: 0.000000 - shallow_loss: 0.000000 - middle_loss: 0.000000 - deep_loss: 0.000000 - fea_loss: 0.000000 - ssim_loss: 1286.702515 - total_loss: 2130.002441
16:31:50 - Epoch 3/5 - Batch 220/280 - lr:0.000100 - pix_loss: 194.715240 - gra_loss: 673.438599 - mean_loss: 0.000000 - shallow_loss: 0.000000 - middle_loss: 0.000000 - deep_loss: 0.000000 - fea_loss: 0.000000 - ssim_loss: 1262.702148 - total_loss: 2130.855957
16:31:54 - Epoch 3/5 - Batch 230/280 - lr:0.000100 - pix_loss: 183.622711 - gra_loss: 702.191345 - mean_loss: 0.000000 - shallow_loss: 0.000000 - middle_loss: 0.000000 - deep_loss: 0.000000 - fea_loss: 0.000000 - ssim_loss: 1257.994019 - total_loss: 2143.808105
16:31:57 - Epoch 3/5 - Batch 240/280 - lr:0.000100 - pix_loss: 174.650360 - gra_loss: 723.967224 - mean_loss: 0.000000 - shallow_loss: 0.000000 - middle_loss: 0.000000 - deep_loss: 0.000000 - fea_loss: 0.000000 - ssim_loss: 1260.980103 - total_loss: 2159.597900
16:32:00 - Epoch 3/5 - Batch 250/280 - lr:0.000100 - pix_loss: 179.554001 - gra_loss: 698.025940 - mean_loss: 0.000000 - shallow_loss: 0.000000 - middle_loss: 0.000000 - deep_loss: 0.000000 - fea_loss: 0.000000 - ssim_loss: 1269.001221 - total_loss: 2146.580811
16:32:04 - Epoch 3/5 - Batch 260/280 - lr:0.000100 - pix_loss: 174.421432 - gra_loss: 719.177185 - mean_loss: 0.000000 - shallow_loss: 0.000000 - middle_loss: 0.000000 - deep_loss: 0.000000 - fea_loss: 0.000000 - ssim_loss: 1277.183228 - total_loss: 2170.781982
16:32:07 - Epoch 3/5 - Batch 270/280 - lr:0.000100 - pix_loss: 164.139160 - gra_loss: 686.699768 - mean_loss: 0.000000 - shallow_loss: 0.000000 - middle_loss: 0.000000 - deep_loss: 0.000000 - fea_loss: 0.000000 - ssim_loss: 1288.848389 - total_loss: 2139.687256
16:32:11 - Epoch 3/5 - Batch 280/280 - lr:0.000100 - pix_loss: 183.027252 - gra_loss: 729.316406 - mean_loss: 0.000000 - shallow_loss: 0.000000 - middle_loss: 0.000000 - deep_loss: 0.000000 - fea_loss: 0.000000 - ssim_loss: 1251.911987 - total_loss: 2164.255615

Epoch 3 completed in 95.88 seconds
Epoch 3 Summary: pix_loss: 0.000000 - gra_loss: 0.000000 - mean_loss: 0.000000 - shallow_loss: 0.000000 - middle_loss: 0.000000 - deep_loss: 0.000000 - fea_loss: 0.000000 - ssim_loss: 0.000000 - total_loss: 0.000000
------------------------------------------------------------

Epoch 4/5 started at 16:32:11
------------------------------------------------------------
16:32:15 - Epoch 4/5 - Batch 10/280 - lr:0.000100 - pix_loss: 165.779327 - gra_loss: 647.344910 - mean_loss: 0.000000 - shallow_loss: 0.000000 - middle_loss: 0.000000 - deep_loss: 0.000000 - fea_loss: 0.000000 - ssim_loss: 1256.511719 - total_loss: 2069.635986
16:32:18 - Epoch 4/5 - Batch 20/280 - lr:0.000100 - pix_loss: 171.606369 - gra_loss: 621.526672 - mean_loss: 0.000000 - shallow_loss: 0.000000 - middle_loss: 0.000000 - deep_loss: 0.000000 - fea_loss: 0.000000 - ssim_loss: 1232.814575 - total_loss: 2025.947876
16:32:22 - Epoch 4/5 - Batch 30/280 - lr:0.000100 - pix_loss: 187.594086 - gra_loss: 746.677795 - mean_loss: 0.000000 - shallow_loss: 0.000000 - middle_loss: 0.000000 - deep_loss: 0.000000 - fea_loss: 0.000000 - ssim_loss: 1269.123291 - total_loss: 2203.395264
16:32:25 - Epoch 4/5 - Batch 40/280 - lr:0.000100 - pix_loss: 174.321976 - gra_loss: 747.752075 - mean_loss: 0.000000 - shallow_loss: 0.000000 - middle_loss: 0.000000 - deep_loss: 0.000000 - fea_loss: 0.000000 - ssim_loss: 1277.363037 - total_loss: 2199.437256
16:32:28 - Epoch 4/5 - Batch 50/280 - lr:0.000100 - pix_loss: 202.651169 - gra_loss: 660.757996 - mean_loss: 0.000000 - shallow_loss: 0.000000 - middle_loss: 0.000000 - deep_loss: 0.000000 - fea_loss: 0.000000 - ssim_loss: 1277.238647 - total_loss: 2140.647705
16:32:32 - Epoch 4/5 - Batch 60/280 - lr:0.000100 - pix_loss: 163.084824 - gra_loss: 668.842651 - mean_loss: 0.000000 - shallow_loss: 0.000000 - middle_loss: 0.000000 - deep_loss: 0.000000 - fea_loss: 0.000000 - ssim_loss: 1273.687744 - total_loss: 2105.615234
16:32:35 - Epoch 4/5 - Batch 70/280 - lr:0.000100 - pix_loss: 204.409332 - gra_loss: 707.910950 - mean_loss: 0.000000 - shallow_loss: 0.000000 - middle_loss: 0.000000 - deep_loss: 0.000000 - fea_loss: 0.000000 - ssim_loss: 1273.071411 - total_loss: 2185.391602
16:32:39 - Epoch 4/5 - Batch 80/280 - lr:0.000100 - pix_loss: 172.851395 - gra_loss: 647.226013 - mean_loss: 0.000000 - shallow_loss: 0.000000 - middle_loss: 0.000000 - deep_loss: 0.000000 - fea_loss: 0.000000 - ssim_loss: 1238.634033 - total_loss: 2058.711426
16:32:42 - Epoch 4/5 - Batch 90/280 - lr:0.000100 - pix_loss: 160.405594 - gra_loss: 722.106079 - mean_loss: 0.000000 - shallow_loss: 0.000000 - middle_loss: 0.000000 - deep_loss: 0.000000 - fea_loss: 0.000000 - ssim_loss: 1289.098511 - total_loss: 2171.610107
16:32:45 - Epoch 4/5 - Batch 100/280 - lr:0.000100 - pix_loss: 178.288864 - gra_loss: 660.217407 - mean_loss: 0.000000 - shallow_loss: 0.000000 - middle_loss: 0.000000 - deep_loss: 0.000000 - fea_loss: 0.000000 - ssim_loss: 1256.577026 - total_loss: 2095.083252
16:32:49 - Epoch 4/5 - Batch 110/280 - lr:0.000100 - pix_loss: 187.669601 - gra_loss: 769.904480 - mean_loss: 0.000000 - shallow_loss: 0.000000 - middle_loss: 0.000000 - deep_loss: 0.000000 - fea_loss: 0.000000 - ssim_loss: 1260.982300 - total_loss: 2218.556396
16:32:52 - Epoch 4/5 - Batch 120/280 - lr:0.000100 - pix_loss: 175.971466 - gra_loss: 633.132812 - mean_loss: 0.000000 - shallow_loss: 0.000000 - middle_loss: 0.000000 - deep_loss: 0.000000 - fea_loss: 0.000000 - ssim_loss: 1247.064453 - total_loss: 2056.168701
16:32:56 - Epoch 4/5 - Batch 130/280 - lr:0.000100 - pix_loss: 171.962753 - gra_loss: 645.794739 - mean_loss: 0.000000 - shallow_loss: 0.000000 - middle_loss: 0.000000 - deep_loss: 0.000000 - fea_loss: 0.000000 - ssim_loss: 1261.065796 - total_loss: 2078.823486
16:32:59 - Epoch 4/5 - Batch 140/280 - lr:0.000100 - pix_loss: 158.075272 - gra_loss: 713.036072 - mean_loss: 0.000000 - shallow_loss: 0.000000 - middle_loss: 0.000000 - deep_loss: 0.000000 - fea_loss: 0.000000 - ssim_loss: 1280.029419 - total_loss: 2151.140381
16:33:02 - Epoch 4/5 - Batch 150/280 - lr:0.000100 - pix_loss: 169.439926 - gra_loss: 746.253845 - mean_loss: 0.000000 - shallow_loss: 0.000000 - middle_loss: 0.000000 - deep_loss: 0.000000 - fea_loss: 0.000000 - ssim_loss: 1273.849487 - total_loss: 2189.543457
16:33:06 - Epoch 4/5 - Batch 160/280 - lr:0.000100 - pix_loss: 158.474258 - gra_loss: 698.521790 - mean_loss: 0.000000 - shallow_loss: 0.000000 - middle_loss: 0.000000 - deep_loss: 0.000000 - fea_loss: 0.000000 - ssim_loss: 1267.147827 - total_loss: 2124.143799
16:33:09 - Epoch 4/5 - Batch 170/280 - lr:0.000100 - pix_loss: 184.206558 - gra_loss: 777.189392 - mean_loss: 0.000000 - shallow_loss: 0.000000 - middle_loss: 0.000000 - deep_loss: 0.000000 - fea_loss: 0.000000 - ssim_loss: 1260.678589 - total_loss: 2222.074463
16:33:12 - Epoch 4/5 - Batch 180/280 - lr:0.000100 - pix_loss: 188.546677 - gra_loss: 681.614441 - mean_loss: 0.000000 - shallow_loss: 0.000000 - middle_loss: 0.000000 - deep_loss: 0.000000 - fea_loss: 0.000000 - ssim_loss: 1250.931641 - total_loss: 2121.093018
16:33:16 - Epoch 4/5 - Batch 190/280 - lr:0.000100 - pix_loss: 184.856674 - gra_loss: 680.266235 - mean_loss: 0.000000 - shallow_loss: 0.000000 - middle_loss: 0.000000 - deep_loss: 0.000000 - fea_loss: 0.000000 - ssim_loss: 1250.863647 - total_loss: 2115.986572
16:33:19 - Epoch 4/5 - Batch 200/280 - lr:0.000100 - pix_loss: 177.235123 - gra_loss: 643.748047 - mean_loss: 0.000000 - shallow_loss: 0.000000 - middle_loss: 0.000000 - deep_loss: 0.000000 - fea_loss: 0.000000 - ssim_loss: 1260.655518 - total_loss: 2081.638672
16:33:22 - Epoch 4/5 - Batch 210/280 - lr:0.000100 - pix_loss: 174.221054 - gra_loss: 634.688416 - mean_loss: 0.000000 - shallow_loss: 0.000000 - middle_loss: 0.000000 - deep_loss: 0.000000 - fea_loss: 0.000000 - ssim_loss: 1251.766724 - total_loss: 2060.676270
16:33:26 - Epoch 4/5 - Batch 220/280 - lr:0.000100 - pix_loss: 169.926147 - gra_loss: 697.225830 - mean_loss: 0.000000 - shallow_loss: 0.000000 - middle_loss: 0.000000 - deep_loss: 0.000000 - fea_loss: 0.000000 - ssim_loss: 1281.677856 - total_loss: 2148.829834
16:33:29 - Epoch 4/5 - Batch 230/280 - lr:0.000100 - pix_loss: 175.413239 - gra_loss: 640.974243 - mean_loss: 0.000000 - shallow_loss: 0.000000 - middle_loss: 0.000000 - deep_loss: 0.000000 - fea_loss: 0.000000 - ssim_loss: 1237.324585 - total_loss: 2053.711670
16:33:32 - Epoch 4/5 - Batch 240/280 - lr:0.000100 - pix_loss: 191.570450 - gra_loss: 696.154907 - mean_loss: 0.000000 - shallow_loss: 0.000000 - middle_loss: 0.000000 - deep_loss: 0.000000 - fea_loss: 0.000000 - ssim_loss: 1259.208740 - total_loss: 2146.934082
16:33:36 - Epoch 4/5 - Batch 250/280 - lr:0.000100 - pix_loss: 168.301788 - gra_loss: 745.541382 - mean_loss: 0.000000 - shallow_loss: 0.000000 - middle_loss: 0.000000 - deep_loss: 0.000000 - fea_loss: 0.000000 - ssim_loss: 1309.244141 - total_loss: 2223.087402
16:33:39 - Epoch 4/5 - Batch 260/280 - lr:0.000100 - pix_loss: 164.043198 - gra_loss: 669.976257 - mean_loss: 0.000000 - shallow_loss: 0.000000 - middle_loss: 0.000000 - deep_loss: 0.000000 - fea_loss: 0.000000 - ssim_loss: 1254.557983 - total_loss: 2088.577148
16:33:42 - Epoch 4/5 - Batch 270/280 - lr:0.000100 - pix_loss: 173.880722 - gra_loss: 621.871155 - mean_loss: 0.000000 - shallow_loss: 0.000000 - middle_loss: 0.000000 - deep_loss: 0.000000 - fea_loss: 0.000000 - ssim_loss: 1246.405884 - total_loss: 2042.157837
16:33:46 - Epoch 4/5 - Batch 280/280 - lr:0.000100 - pix_loss: 167.949326 - gra_loss: 658.249329 - mean_loss: 0.000000 - shallow_loss: 0.000000 - middle_loss: 0.000000 - deep_loss: 0.000000 - fea_loss: 0.000000 - ssim_loss: 1269.892212 - total_loss: 2096.090820

Epoch 4 completed in 95.06 seconds
Epoch 4 Summary: pix_loss: 0.000000 - gra_loss: 0.000000 - mean_loss: 0.000000 - shallow_loss: 0.000000 - middle_loss: 0.000000 - deep_loss: 0.000000 - fea_loss: 0.000000 - ssim_loss: 0.000000 - total_loss: 0.000000
------------------------------------------------------------

Epoch 5/5 started at 16:33:47
------------------------------------------------------------
16:33:50 - Epoch 5/5 - Batch 10/280 - lr:0.000100 - pix_loss: 173.456238 - gra_loss: 569.142944 - mean_loss: 0.000000 - shallow_loss: 0.000000 - middle_loss: 0.000000 - deep_loss: 0.000000 - fea_loss: 0.000000 - ssim_loss: 1223.095337 - total_loss: 1965.694580
16:33:53 - Epoch 5/5 - Batch 20/280 - lr:0.000100 - pix_loss: 166.694504 - gra_loss: 666.227356 - mean_loss: 0.000000 - shallow_loss: 0.000000 - middle_loss: 0.000000 - deep_loss: 0.000000 - fea_loss: 0.000000 - ssim_loss: 1261.209717 - total_loss: 2094.131592
16:33:56 - Epoch 5/5 - Batch 30/280 - lr:0.000100 - pix_loss: 170.924271 - gra_loss: 645.832397 - mean_loss: 0.000000 - shallow_loss: 0.000000 - middle_loss: 0.000000 - deep_loss: 0.000000 - fea_loss: 0.000000 - ssim_loss: 1235.923706 - total_loss: 2052.680420
16:34:00 - Epoch 5/5 - Batch 40/280 - lr:0.000100 - pix_loss: 178.701157 - gra_loss: 633.733215 - mean_loss: 0.000000 - shallow_loss: 0.000000 - middle_loss: 0.000000 - deep_loss: 0.000000 - fea_loss: 0.000000 - ssim_loss: 1274.575562 - total_loss: 2087.010010
16:34:03 - Epoch 5/5 - Batch 50/280 - lr:0.000100 - pix_loss: 166.428207 - gra_loss: 613.724976 - mean_loss: 0.000000 - shallow_loss: 0.000000 - middle_loss: 0.000000 - deep_loss: 0.000000 - fea_loss: 0.000000 - ssim_loss: 1258.327393 - total_loss: 2038.480347
16:34:07 - Epoch 5/5 - Batch 60/280 - lr:0.000100 - pix_loss: 143.398117 - gra_loss: 616.520569 - mean_loss: 0.000000 - shallow_loss: 0.000000 - middle_loss: 0.000000 - deep_loss: 0.000000 - fea_loss: 0.000000 - ssim_loss: 1235.318237 - total_loss: 1995.236694
16:34:10 - Epoch 5/5 - Batch 70/280 - lr:0.000100 - pix_loss: 179.587769 - gra_loss: 624.936218 - mean_loss: 0.000000 - shallow_loss: 0.000000 - middle_loss: 0.000000 - deep_loss: 0.000000 - fea_loss: 0.000000 - ssim_loss: 1239.214233 - total_loss: 2043.738281
16:34:13 - Epoch 5/5 - Batch 80/280 - lr:0.000100 - pix_loss: 157.015671 - gra_loss: 709.574646 - mean_loss: 0.000000 - shallow_loss: 0.000000 - middle_loss: 0.000000 - deep_loss: 0.000000 - fea_loss: 0.000000 - ssim_loss: 1282.219604 - total_loss: 2148.810059
16:34:17 - Epoch 5/5 - Batch 90/280 - lr:0.000100 - pix_loss: 162.995529 - gra_loss: 711.386658 - mean_loss: 0.000000 - shallow_loss: 0.000000 - middle_loss: 0.000000 - deep_loss: 0.000000 - fea_loss: 0.000000 - ssim_loss: 1269.831055 - total_loss: 2144.212891
16:34:20 - Epoch 5/5 - Batch 100/280 - lr:0.000100 - pix_loss: 166.889023 - gra_loss: 713.154053 - mean_loss: 0.000000 - shallow_loss: 0.000000 - middle_loss: 0.000000 - deep_loss: 0.000000 - fea_loss: 0.000000 - ssim_loss: 1291.211914 - total_loss: 2171.255127
16:34:23 - Epoch 5/5 - Batch 110/280 - lr:0.000100 - pix_loss: 165.659576 - gra_loss: 695.995667 - mean_loss: 0.000000 - shallow_loss: 0.000000 - middle_loss: 0.000000 - deep_loss: 0.000000 - fea_loss: 0.000000 - ssim_loss: 1283.875244 - total_loss: 2145.530762
16:34:27 - Epoch 5/5 - Batch 120/280 - lr:0.000100 - pix_loss: 136.229858 - gra_loss: 580.678223 - mean_loss: 0.000000 - shallow_loss: 0.000000 - middle_loss: 0.000000 - deep_loss: 0.000000 - fea_loss: 0.000000 - ssim_loss: 1254.544189 - total_loss: 1971.452148
16:34:30 - Epoch 5/5 - Batch 130/280 - lr:0.000100 - pix_loss: 140.534210 - gra_loss: 610.749939 - mean_loss: 0.000000 - shallow_loss: 0.000000 - middle_loss: 0.000000 - deep_loss: 0.000000 - fea_loss: 0.000000 - ssim_loss: 1240.411743 - total_loss: 1991.695679
16:34:33 - Epoch 5/5 - Batch 140/280 - lr:0.000100 - pix_loss: 138.732040 - gra_loss: 715.858826 - mean_loss: 0.000000 - shallow_loss: 0.000000 - middle_loss: 0.000000 - deep_loss: 0.000000 - fea_loss: 0.000000 - ssim_loss: 1265.442261 - total_loss: 2120.032959
16:34:37 - Epoch 5/5 - Batch 150/280 - lr:0.000100 - pix_loss: 209.824615 - gra_loss: 706.991089 - mean_loss: 0.000000 - shallow_loss: 0.000000 - middle_loss: 0.000000 - deep_loss: 0.000000 - fea_loss: 0.000000 - ssim_loss: 1280.638916 - total_loss: 2197.454834
16:34:40 - Epoch 5/5 - Batch 160/280 - lr:0.000100 - pix_loss: 197.883911 - gra_loss: 648.531677 - mean_loss: 0.000000 - shallow_loss: 0.000000 - middle_loss: 0.000000 - deep_loss: 0.000000 - fea_loss: 0.000000 - ssim_loss: 1260.921265 - total_loss: 2107.336670
16:34:43 - Epoch 5/5 - Batch 170/280 - lr:0.000100 - pix_loss: 168.150375 - gra_loss: 674.074890 - mean_loss: 0.000000 - shallow_loss: 0.000000 - middle_loss: 0.000000 - deep_loss: 0.000000 - fea_loss: 0.000000 - ssim_loss: 1285.137207 - total_loss: 2127.362305
16:34:47 - Epoch 5/5 - Batch 180/280 - lr:0.000100 - pix_loss: 144.162888 - gra_loss: 664.085388 - mean_loss: 0.000000 - shallow_loss: 0.000000 - middle_loss: 0.000000 - deep_loss: 0.000000 - fea_loss: 0.000000 - ssim_loss: 1297.325806 - total_loss: 2105.573975
16:34:50 - Epoch 5/5 - Batch 190/280 - lr:0.000100 - pix_loss: 186.635178 - gra_loss: 713.554260 - mean_loss: 0.000000 - shallow_loss: 0.000000 - middle_loss: 0.000000 - deep_loss: 0.000000 - fea_loss: 0.000000 - ssim_loss: 1289.842773 - total_loss: 2190.032227
16:34:54 - Epoch 5/5 - Batch 200/280 - lr:0.000100 - pix_loss: 144.281036 - gra_loss: 635.505615 - mean_loss: 0.000000 - shallow_loss: 0.000000 - middle_loss: 0.000000 - deep_loss: 0.000000 - fea_loss: 0.000000 - ssim_loss: 1239.172729 - total_loss: 2018.959595
16:34:57 - Epoch 5/5 - Batch 210/280 - lr:0.000100 - pix_loss: 189.593735 - gra_loss: 678.745728 - mean_loss: 0.000000 - shallow_loss: 0.000000 - middle_loss: 0.000000 - deep_loss: 0.000000 - fea_loss: 0.000000 - ssim_loss: 1272.089600 - total_loss: 2140.428955
16:35:00 - Epoch 5/5 - Batch 220/280 - lr:0.000100 - pix_loss: 147.410416 - gra_loss: 629.293152 - mean_loss: 0.000000 - shallow_loss: 0.000000 - middle_loss: 0.000000 - deep_loss: 0.000000 - fea_loss: 0.000000 - ssim_loss: 1254.218384 - total_loss: 2030.921875
16:35:04 - Epoch 5/5 - Batch 230/280 - lr:0.000100 - pix_loss: 154.480988 - gra_loss: 719.535950 - mean_loss: 0.000000 - shallow_loss: 0.000000 - middle_loss: 0.000000 - deep_loss: 0.000000 - fea_loss: 0.000000 - ssim_loss: 1248.152222 - total_loss: 2122.168945
16:35:07 - Epoch 5/5 - Batch 240/280 - lr:0.000100 - pix_loss: 187.755798 - gra_loss: 604.704529 - mean_loss: 0.000000 - shallow_loss: 0.000000 - middle_loss: 0.000000 - deep_loss: 0.000000 - fea_loss: 0.000000 - ssim_loss: 1248.472046 - total_loss: 2040.932495
16:35:10 - Epoch 5/5 - Batch 250/280 - lr:0.000100 - pix_loss: 154.918335 - gra_loss: 679.349548 - mean_loss: 0.000000 - shallow_loss: 0.000000 - middle_loss: 0.000000 - deep_loss: 0.000000 - fea_loss: 0.000000 - ssim_loss: 1252.899780 - total_loss: 2087.167725
16:35:14 - Epoch 5/5 - Batch 260/280 - lr:0.000100 - pix_loss: 149.169617 - gra_loss: 674.377625 - mean_loss: 0.000000 - shallow_loss: 0.000000 - middle_loss: 0.000000 - deep_loss: 0.000000 - fea_loss: 0.000000 - ssim_loss: 1259.875122 - total_loss: 2083.422363
16:35:17 - Epoch 5/5 - Batch 270/280 - lr:0.000100 - pix_loss: 190.736267 - gra_loss: 663.497131 - mean_loss: 0.000000 - shallow_loss: 0.000000 - middle_loss: 0.000000 - deep_loss: 0.000000 - fea_loss: 0.000000 - ssim_loss: 1269.339355 - total_loss: 2123.572754
16:35:20 - Epoch 5/5 - Batch 280/280 - lr:0.000100 - pix_loss: 145.489487 - gra_loss: 584.351013 - mean_loss: 0.000000 - shallow_loss: 0.000000 - middle_loss: 0.000000 - deep_loss: 0.000000 - fea_loss: 0.000000 - ssim_loss: 1236.935181 - total_loss: 1966.775391

Epoch 5 completed in 94.65 seconds
Epoch 5 Summary: pix_loss: 0.000000 - gra_loss: 0.000000 - mean_loss: 0.000000 - shallow_loss: 0.000000 - middle_loss: 0.000000 - deep_loss: 0.000000 - fea_loss: 0.000000 - ssim_loss: 0.000000 - total_loss: 0.000000
------------------------------------------------------------
