CrossFuse Training Log - AutoEncoder_ir
Started at: 2025-08-16 20:16:15
================================================================================


Epoch 1/4 started at 20:16:15
------------------------------------------------------------
20:16:16 - Epoch 1/4 - Batch 10/5052 - lr:0.000100 - recon_loss: 3169.697998 - ssim_loss: 6786.856445 - total_loss: 9956.554688
20:16:17 - Epoch 1/4 - Batch 20/5052 - lr:0.000100 - recon_loss: 279.619934 - ssim_loss: 3321.697754 - total_loss: 3601.317627
20:16:18 - Epoch 1/4 - Batch 30/5052 - lr:0.000100 - recon_loss: 649.423279 - ssim_loss: 2921.410889 - total_loss: 3570.833984
20:16:19 - Epoch 1/4 - Batch 40/5052 - lr:0.000100 - recon_loss: 236.461426 - ssim_loss: 2459.056152 - total_loss: 2695.517578
20:16:20 - Epoch 1/4 - Batch 50/5052 - lr:0.000100 - recon_loss: 109.087540 - ssim_loss: 1983.112549 - total_loss: 2092.199951
20:16:21 - Epoch 1/4 - Batch 60/5052 - lr:0.000100 - recon_loss: 107.190796 - ssim_loss: 1456.458374 - total_loss: 1563.649048
20:16:22 - Epoch 1/4 - Batch 70/5052 - lr:0.000100 - recon_loss: 68.248772 - ssim_loss: 1228.727051 - total_loss: 1296.975830
20:16:23 - Epoch 1/4 - Batch 80/5052 - lr:0.000100 - recon_loss: 52.866451 - ssim_loss: 1556.125488 - total_loss: 1608.992065
20:16:24 - Epoch 1/4 - Batch 90/5052 - lr:0.000100 - recon_loss: 61.612976 - ssim_loss: 1102.935059 - total_loss: 1164.547974
20:16:24 - Epoch 1/4 - Batch 100/5052 - lr:0.000100 - recon_loss: 45.306889 - ssim_loss: 1272.880737 - total_loss: 1318.187500
20:16:25 - Epoch 1/4 - Batch 110/5052 - lr:0.000100 - recon_loss: 45.094990 - ssim_loss: 1403.385620 - total_loss: 1448.480713
20:16:26 - Epoch 1/4 - Batch 120/5052 - lr:0.000100 - recon_loss: 53.809925 - ssim_loss: 1040.860352 - total_loss: 1094.670288
20:16:27 - Epoch 1/4 - Batch 130/5052 - lr:0.000100 - recon_loss: 66.975555 - ssim_loss: 811.540405 - total_loss: 878.515930
20:16:28 - Epoch 1/4 - Batch 140/5052 - lr:0.000100 - recon_loss: 41.158550 - ssim_loss: 963.256958 - total_loss: 1004.415527
20:16:28 - Epoch 1/4 - Batch 150/5052 - lr:0.000100 - recon_loss: 55.525177 - ssim_loss: 754.324768 - total_loss: 809.849976
20:16:29 - Epoch 1/4 - Batch 160/5052 - lr:0.000100 - recon_loss: 47.447994 - ssim_loss: 1045.976685 - total_loss: 1093.424683
20:16:30 - Epoch 1/4 - Batch 170/5052 - lr:0.000100 - recon_loss: 31.199585 - ssim_loss: 995.299316 - total_loss: 1026.498901
20:16:31 - Epoch 1/4 - Batch 180/5052 - lr:0.000100 - recon_loss: 49.358856 - ssim_loss: 565.478210 - total_loss: 614.837036
20:16:32 - Epoch 1/4 - Batch 190/5052 - lr:0.000100 - recon_loss: 47.837364 - ssim_loss: 829.821716 - total_loss: 877.659180
20:16:32 - Epoch 1/4 - Batch 200/5052 - lr:0.000100 - recon_loss: 38.698708 - ssim_loss: 727.660828 - total_loss: 766.359680
20:16:33 - Epoch 1/4 - Batch 210/5052 - lr:0.000100 - recon_loss: 34.770885 - ssim_loss: 1049.855103 - total_loss: 1084.626099
20:16:34 - Epoch 1/4 - Batch 220/5052 - lr:0.000100 - recon_loss: 32.734005 - ssim_loss: 898.865540 - total_loss: 931.599548
20:16:35 - Epoch 1/4 - Batch 230/5052 - lr:0.000100 - recon_loss: 36.621128 - ssim_loss: 733.410339 - total_loss: 770.031372
20:16:35 - Epoch 1/4 - Batch 240/5052 - lr:0.000100 - recon_loss: 27.631912 - ssim_loss: 770.251831 - total_loss: 797.883728
20:16:36 - Epoch 1/4 - Batch 250/5052 - lr:0.000100 - recon_loss: 27.725248 - ssim_loss: 700.665955 - total_loss: 728.391174
20:16:37 - Epoch 1/4 - Batch 260/5052 - lr:0.000100 - recon_loss: 26.330326 - ssim_loss: 944.212097 - total_loss: 970.542419
20:16:37 - Epoch 1/4 - Batch 270/5052 - lr:0.000100 - recon_loss: 25.113239 - ssim_loss: 625.549988 - total_loss: 650.663208
20:16:38 - Epoch 1/4 - Batch 280/5052 - lr:0.000100 - recon_loss: 39.279484 - ssim_loss: 570.008484 - total_loss: 609.287964
20:16:39 - Epoch 1/4 - Batch 290/5052 - lr:0.000100 - recon_loss: 27.298710 - ssim_loss: 630.091919 - total_loss: 657.390625
20:16:40 - Epoch 1/4 - Batch 300/5052 - lr:0.000100 - recon_loss: 24.742739 - ssim_loss: 729.982361 - total_loss: 754.725098
20:16:40 - Epoch 1/4 - Batch 310/5052 - lr:0.000100 - recon_loss: 38.455421 - ssim_loss: 606.945251 - total_loss: 645.400696
20:16:41 - Epoch 1/4 - Batch 320/5052 - lr:0.000100 - recon_loss: 27.759678 - ssim_loss: 698.915894 - total_loss: 726.675537
20:16:42 - Epoch 1/4 - Batch 330/5052 - lr:0.000100 - recon_loss: 30.419239 - ssim_loss: 500.322998 - total_loss: 530.742310
20:16:42 - Epoch 1/4 - Batch 340/5052 - lr:0.000100 - recon_loss: 32.593880 - ssim_loss: 416.386719 - total_loss: 448.980621
20:16:43 - Epoch 1/4 - Batch 350/5052 - lr:0.000100 - recon_loss: 23.019110 - ssim_loss: 570.945496 - total_loss: 593.964539
20:16:44 - Epoch 1/4 - Batch 360/5052 - lr:0.000100 - recon_loss: 26.248352 - ssim_loss: 447.388000 - total_loss: 473.636322
20:16:45 - Epoch 1/4 - Batch 370/5052 - lr:0.000100 - recon_loss: 21.760366 - ssim_loss: 581.108704 - total_loss: 602.869141
20:16:45 - Epoch 1/4 - Batch 380/5052 - lr:0.000100 - recon_loss: 33.108738 - ssim_loss: 453.399170 - total_loss: 486.507904
20:16:46 - Epoch 1/4 - Batch 390/5052 - lr:0.000100 - recon_loss: 23.151466 - ssim_loss: 789.819153 - total_loss: 812.970642
20:16:47 - Epoch 1/4 - Batch 400/5052 - lr:0.000100 - recon_loss: 31.325378 - ssim_loss: 474.007568 - total_loss: 505.332855
20:16:47 - Epoch 1/4 - Batch 410/5052 - lr:0.000100 - recon_loss: 29.072992 - ssim_loss: 354.452515 - total_loss: 383.525482
20:16:48 - Epoch 1/4 - Batch 420/5052 - lr:0.000100 - recon_loss: 27.371664 - ssim_loss: 356.054657 - total_loss: 383.426331
20:16:49 - Epoch 1/4 - Batch 430/5052 - lr:0.000100 - recon_loss: 27.797184 - ssim_loss: 477.342041 - total_loss: 505.139221
20:16:49 - Epoch 1/4 - Batch 440/5052 - lr:0.000100 - recon_loss: 28.237873 - ssim_loss: 530.815613 - total_loss: 559.053467
20:16:50 - Epoch 1/4 - Batch 450/5052 - lr:0.000100 - recon_loss: 21.502256 - ssim_loss: 502.572479 - total_loss: 524.074707
20:16:51 - Epoch 1/4 - Batch 460/5052 - lr:0.000100 - recon_loss: 22.192642 - ssim_loss: 364.033203 - total_loss: 386.225891
20:16:52 - Epoch 1/4 - Batch 470/5052 - lr:0.000100 - recon_loss: 26.715418 - ssim_loss: 244.851486 - total_loss: 271.566895
20:16:52 - Epoch 1/4 - Batch 480/5052 - lr:0.000100 - recon_loss: 22.071737 - ssim_loss: 470.211334 - total_loss: 492.283112
20:16:53 - Epoch 1/4 - Batch 490/5052 - lr:0.000100 - recon_loss: 23.645206 - ssim_loss: 485.188202 - total_loss: 508.833405
20:16:54 - Epoch 1/4 - Batch 500/5052 - lr:0.000100 - recon_loss: 18.694273 - ssim_loss: 539.576782 - total_loss: 558.271057
20:16:54 - Epoch 1/4 - Batch 510/5052 - lr:0.000100 - recon_loss: 22.993870 - ssim_loss: 207.288040 - total_loss: 230.281906
20:16:55 - Epoch 1/4 - Batch 520/5052 - lr:0.000100 - recon_loss: 22.259729 - ssim_loss: 352.430023 - total_loss: 374.689758
20:16:56 - Epoch 1/4 - Batch 530/5052 - lr:0.000100 - recon_loss: 17.175566 - ssim_loss: 417.516205 - total_loss: 434.691711
20:16:56 - Epoch 1/4 - Batch 540/5052 - lr:0.000100 - recon_loss: 17.819815 - ssim_loss: 441.894287 - total_loss: 459.714111
20:16:57 - Epoch 1/4 - Batch 550/5052 - lr:0.000100 - recon_loss: 24.907728 - ssim_loss: 474.264404 - total_loss: 499.172089
20:16:58 - Epoch 1/4 - Batch 560/5052 - lr:0.000100 - recon_loss: 20.163755 - ssim_loss: 325.101105 - total_loss: 345.264832
20:16:58 - Epoch 1/4 - Batch 570/5052 - lr:0.000100 - recon_loss: 21.920519 - ssim_loss: 394.568024 - total_loss: 416.488525
20:16:59 - Epoch 1/4 - Batch 580/5052 - lr:0.000100 - recon_loss: 16.405088 - ssim_loss: 568.411926 - total_loss: 584.817017
20:17:00 - Epoch 1/4 - Batch 590/5052 - lr:0.000100 - recon_loss: 16.195330 - ssim_loss: 451.116455 - total_loss: 467.311768
20:17:00 - Epoch 1/4 - Batch 600/5052 - lr:0.000100 - recon_loss: 18.130260 - ssim_loss: 443.530914 - total_loss: 461.661194
20:17:01 - Epoch 1/4 - Batch 610/5052 - lr:0.000100 - recon_loss: 22.634096 - ssim_loss: 416.032135 - total_loss: 438.666229
20:17:02 - Epoch 1/4 - Batch 620/5052 - lr:0.000100 - recon_loss: 21.712057 - ssim_loss: 359.488251 - total_loss: 381.200317
20:17:03 - Epoch 1/4 - Batch 630/5052 - lr:0.000100 - recon_loss: 17.856298 - ssim_loss: 442.466156 - total_loss: 460.322479
20:17:03 - Epoch 1/4 - Batch 640/5052 - lr:0.000100 - recon_loss: 29.066328 - ssim_loss: 313.906586 - total_loss: 342.972870
20:17:04 - Epoch 1/4 - Batch 650/5052 - lr:0.000100 - recon_loss: 15.062456 - ssim_loss: 380.724243 - total_loss: 395.786713
20:17:04 - Epoch 1/4 - Batch 660/5052 - lr:0.000100 - recon_loss: 13.272481 - ssim_loss: 345.932465 - total_loss: 359.204987
20:17:05 - Epoch 1/4 - Batch 670/5052 - lr:0.000100 - recon_loss: 16.022194 - ssim_loss: 474.852203 - total_loss: 490.874420
20:17:06 - Epoch 1/4 - Batch 680/5052 - lr:0.000100 - recon_loss: 19.660727 - ssim_loss: 308.961700 - total_loss: 328.622406
20:17:06 - Epoch 1/4 - Batch 690/5052 - lr:0.000100 - recon_loss: 16.185719 - ssim_loss: 362.653076 - total_loss: 378.838837
20:17:07 - Epoch 1/4 - Batch 700/5052 - lr:0.000100 - recon_loss: 19.733467 - ssim_loss: 297.726044 - total_loss: 317.459503
20:17:08 - Epoch 1/4 - Batch 710/5052 - lr:0.000100 - recon_loss: 18.297838 - ssim_loss: 296.544861 - total_loss: 314.842712
20:17:08 - Epoch 1/4 - Batch 720/5052 - lr:0.000100 - recon_loss: 20.375076 - ssim_loss: 301.606537 - total_loss: 321.981598
20:17:09 - Epoch 1/4 - Batch 730/5052 - lr:0.000100 - recon_loss: 18.672359 - ssim_loss: 239.805222 - total_loss: 258.477600
20:17:10 - Epoch 1/4 - Batch 740/5052 - lr:0.000100 - recon_loss: 12.339573 - ssim_loss: 271.177826 - total_loss: 283.517395
20:17:10 - Epoch 1/4 - Batch 750/5052 - lr:0.000100 - recon_loss: 15.818377 - ssim_loss: 367.349579 - total_loss: 383.168030
20:17:11 - Epoch 1/4 - Batch 760/5052 - lr:0.000100 - recon_loss: 18.314695 - ssim_loss: 242.164551 - total_loss: 260.479248
20:17:12 - Epoch 1/4 - Batch 770/5052 - lr:0.000100 - recon_loss: 12.483542 - ssim_loss: 263.630951 - total_loss: 276.114471
20:17:12 - Epoch 1/4 - Batch 780/5052 - lr:0.000100 - recon_loss: 17.026072 - ssim_loss: 178.481155 - total_loss: 195.507248
20:17:13 - Epoch 1/4 - Batch 790/5052 - lr:0.000100 - recon_loss: 14.051538 - ssim_loss: 292.831940 - total_loss: 306.883514
20:17:14 - Epoch 1/4 - Batch 800/5052 - lr:0.000100 - recon_loss: 13.343172 - ssim_loss: 282.316956 - total_loss: 295.660126
20:17:14 - Epoch 1/4 - Batch 810/5052 - lr:0.000100 - recon_loss: 14.555949 - ssim_loss: 318.219147 - total_loss: 332.775116
20:17:15 - Epoch 1/4 - Batch 820/5052 - lr:0.000100 - recon_loss: 20.829124 - ssim_loss: 205.594650 - total_loss: 226.423752
20:17:16 - Epoch 1/4 - Batch 830/5052 - lr:0.000100 - recon_loss: 16.431101 - ssim_loss: 250.989258 - total_loss: 267.420380
20:17:16 - Epoch 1/4 - Batch 840/5052 - lr:0.000100 - recon_loss: 14.287890 - ssim_loss: 227.236740 - total_loss: 241.524643
20:17:17 - Epoch 1/4 - Batch 850/5052 - lr:0.000100 - recon_loss: 10.644412 - ssim_loss: 275.412933 - total_loss: 286.057343
20:17:18 - Epoch 1/4 - Batch 860/5052 - lr:0.000100 - recon_loss: 13.205917 - ssim_loss: 249.577759 - total_loss: 262.783691
20:17:18 - Epoch 1/4 - Batch 870/5052 - lr:0.000100 - recon_loss: 13.960693 - ssim_loss: 205.470703 - total_loss: 219.431381
20:17:19 - Epoch 1/4 - Batch 880/5052 - lr:0.000100 - recon_loss: 15.702556 - ssim_loss: 167.736465 - total_loss: 183.439026
20:17:20 - Epoch 1/4 - Batch 890/5052 - lr:0.000100 - recon_loss: 11.565796 - ssim_loss: 247.128860 - total_loss: 258.694641
20:17:20 - Epoch 1/4 - Batch 900/5052 - lr:0.000100 - recon_loss: 13.830047 - ssim_loss: 224.911377 - total_loss: 238.741455
20:17:21 - Epoch 1/4 - Batch 910/5052 - lr:0.000100 - recon_loss: 13.971946 - ssim_loss: 231.388046 - total_loss: 245.359985
20:17:22 - Epoch 1/4 - Batch 920/5052 - lr:0.000100 - recon_loss: 14.173609 - ssim_loss: 152.012589 - total_loss: 166.186188
20:17:22 - Epoch 1/4 - Batch 930/5052 - lr:0.000100 - recon_loss: 10.789400 - ssim_loss: 250.441605 - total_loss: 261.231018
20:17:23 - Epoch 1/4 - Batch 940/5052 - lr:0.000100 - recon_loss: 16.923729 - ssim_loss: 222.262863 - total_loss: 239.186600
20:17:24 - Epoch 1/4 - Batch 950/5052 - lr:0.000100 - recon_loss: 18.853926 - ssim_loss: 253.225266 - total_loss: 272.079193
20:17:24 - Epoch 1/4 - Batch 960/5052 - lr:0.000100 - recon_loss: 13.273605 - ssim_loss: 184.048355 - total_loss: 197.321945
20:17:25 - Epoch 1/4 - Batch 970/5052 - lr:0.000100 - recon_loss: 13.076673 - ssim_loss: 217.699829 - total_loss: 230.776489
20:17:26 - Epoch 1/4 - Batch 980/5052 - lr:0.000100 - recon_loss: 11.643260 - ssim_loss: 256.492859 - total_loss: 268.136139
20:17:26 - Epoch 1/4 - Batch 990/5052 - lr:0.000100 - recon_loss: 12.612929 - ssim_loss: 195.349564 - total_loss: 207.962509
20:17:27 - Epoch 1/4 - Batch 1000/5052 - lr:0.000100 - recon_loss: 15.707873 - ssim_loss: 213.285690 - total_loss: 228.993561
20:17:27 - Epoch 1/4 - Batch 1010/5052 - lr:0.000100 - recon_loss: 10.346543 - ssim_loss: 222.062241 - total_loss: 232.408798
20:17:28 - Epoch 1/4 - Batch 1020/5052 - lr:0.000100 - recon_loss: 11.555060 - ssim_loss: 238.727036 - total_loss: 250.282089
20:17:29 - Epoch 1/4 - Batch 1030/5052 - lr:0.000100 - recon_loss: 14.684153 - ssim_loss: 149.987228 - total_loss: 164.671371
20:17:29 - Epoch 1/4 - Batch 1040/5052 - lr:0.000100 - recon_loss: 13.027423 - ssim_loss: 195.319427 - total_loss: 208.346848
20:17:30 - Epoch 1/4 - Batch 1050/5052 - lr:0.000100 - recon_loss: 9.697853 - ssim_loss: 214.873779 - total_loss: 224.571655
20:17:30 - Epoch 1/4 - Batch 1060/5052 - lr:0.000100 - recon_loss: 10.891829 - ssim_loss: 185.917801 - total_loss: 196.809631
20:17:31 - Epoch 1/4 - Batch 1070/5052 - lr:0.000100 - recon_loss: 9.126902 - ssim_loss: 178.491058 - total_loss: 187.617966
20:17:32 - Epoch 1/4 - Batch 1080/5052 - lr:0.000100 - recon_loss: 7.900445 - ssim_loss: 261.361176 - total_loss: 269.261658
20:17:32 - Epoch 1/4 - Batch 1090/5052 - lr:0.000100 - recon_loss: 12.326022 - ssim_loss: 206.828003 - total_loss: 219.154037
20:17:33 - Epoch 1/4 - Batch 1100/5052 - lr:0.000100 - recon_loss: 12.925629 - ssim_loss: 124.814934 - total_loss: 137.740555
20:17:34 - Epoch 1/4 - Batch 1110/5052 - lr:0.000100 - recon_loss: 12.257881 - ssim_loss: 92.549095 - total_loss: 104.806969
20:17:34 - Epoch 1/4 - Batch 1120/5052 - lr:0.000100 - recon_loss: 9.322869 - ssim_loss: 172.220001 - total_loss: 181.542862
20:17:35 - Epoch 1/4 - Batch 1130/5052 - lr:0.000100 - recon_loss: 9.818191 - ssim_loss: 190.074097 - total_loss: 199.892288
20:17:36 - Epoch 1/4 - Batch 1140/5052 - lr:0.000100 - recon_loss: 11.246934 - ssim_loss: 232.456650 - total_loss: 243.703598
20:17:36 - Epoch 1/4 - Batch 1150/5052 - lr:0.000100 - recon_loss: 9.225493 - ssim_loss: 201.051636 - total_loss: 210.277145
20:17:37 - Epoch 1/4 - Batch 1160/5052 - lr:0.000100 - recon_loss: 9.864115 - ssim_loss: 202.543732 - total_loss: 212.407837
20:17:37 - Epoch 1/4 - Batch 1170/5052 - lr:0.000100 - recon_loss: 15.739687 - ssim_loss: 133.857361 - total_loss: 149.597061
20:17:38 - Epoch 1/4 - Batch 1180/5052 - lr:0.000100 - recon_loss: 8.705663 - ssim_loss: 205.758408 - total_loss: 214.464066
20:17:38 - Epoch 1/4 - Batch 1190/5052 - lr:0.000100 - recon_loss: 10.482502 - ssim_loss: 107.227562 - total_loss: 117.710075
20:17:39 - Epoch 1/4 - Batch 1200/5052 - lr:0.000100 - recon_loss: 10.292926 - ssim_loss: 175.086792 - total_loss: 185.379730
20:17:40 - Epoch 1/4 - Batch 1210/5052 - lr:0.000100 - recon_loss: 9.732505 - ssim_loss: 201.260986 - total_loss: 210.993515
20:17:40 - Epoch 1/4 - Batch 1220/5052 - lr:0.000100 - recon_loss: 10.099332 - ssim_loss: 130.939789 - total_loss: 141.039108
20:17:41 - Epoch 1/4 - Batch 1230/5052 - lr:0.000100 - recon_loss: 7.752253 - ssim_loss: 216.876617 - total_loss: 224.628860
20:17:42 - Epoch 1/4 - Batch 1240/5052 - lr:0.000100 - recon_loss: 10.576842 - ssim_loss: 169.941025 - total_loss: 180.517853
20:17:42 - Epoch 1/4 - Batch 1250/5052 - lr:0.000100 - recon_loss: 7.347089 - ssim_loss: 197.104752 - total_loss: 204.451828
20:17:43 - Epoch 1/4 - Batch 1260/5052 - lr:0.000100 - recon_loss: 6.240554 - ssim_loss: 151.744781 - total_loss: 157.985336
20:17:44 - Epoch 1/4 - Batch 1270/5052 - lr:0.000100 - recon_loss: 7.195626 - ssim_loss: 162.159103 - total_loss: 169.354721
20:17:44 - Epoch 1/4 - Batch 1280/5052 - lr:0.000100 - recon_loss: 8.642293 - ssim_loss: 147.554977 - total_loss: 156.197281
20:17:45 - Epoch 1/4 - Batch 1290/5052 - lr:0.000100 - recon_loss: 11.061473 - ssim_loss: 141.033707 - total_loss: 152.095184
20:17:45 - Epoch 1/4 - Batch 1300/5052 - lr:0.000100 - recon_loss: 7.452547 - ssim_loss: 116.361916 - total_loss: 123.814468
20:17:46 - Epoch 1/4 - Batch 1310/5052 - lr:0.000100 - recon_loss: 7.480594 - ssim_loss: 206.596069 - total_loss: 214.076660
20:17:47 - Epoch 1/4 - Batch 1320/5052 - lr:0.000100 - recon_loss: 7.008048 - ssim_loss: 105.148857 - total_loss: 112.156898
20:17:47 - Epoch 1/4 - Batch 1330/5052 - lr:0.000100 - recon_loss: 8.121703 - ssim_loss: 154.248596 - total_loss: 162.370300
20:17:48 - Epoch 1/4 - Batch 1340/5052 - lr:0.000100 - recon_loss: 9.724147 - ssim_loss: 109.057373 - total_loss: 118.781517
20:17:48 - Epoch 1/4 - Batch 1350/5052 - lr:0.000100 - recon_loss: 8.226864 - ssim_loss: 111.731422 - total_loss: 119.958275
20:17:49 - Epoch 1/4 - Batch 1360/5052 - lr:0.000100 - recon_loss: 6.658596 - ssim_loss: 152.528000 - total_loss: 159.186569
20:17:50 - Epoch 1/4 - Batch 1370/5052 - lr:0.000100 - recon_loss: 8.295945 - ssim_loss: 128.693466 - total_loss: 136.989410
20:17:51 - Epoch 1/4 - Batch 1380/5052 - lr:0.000100 - recon_loss: 8.886005 - ssim_loss: 120.781067 - total_loss: 129.667068
20:17:51 - Epoch 1/4 - Batch 1390/5052 - lr:0.000100 - recon_loss: 5.172026 - ssim_loss: 164.901031 - total_loss: 170.073044
20:17:52 - Epoch 1/4 - Batch 1400/5052 - lr:0.000100 - recon_loss: 8.737599 - ssim_loss: 111.016678 - total_loss: 119.754288
20:17:53 - Epoch 1/4 - Batch 1410/5052 - lr:0.000100 - recon_loss: 8.429658 - ssim_loss: 126.052383 - total_loss: 134.482040
20:17:53 - Epoch 1/4 - Batch 1420/5052 - lr:0.000100 - recon_loss: 9.139822 - ssim_loss: 128.843964 - total_loss: 137.983780
20:17:54 - Epoch 1/4 - Batch 1430/5052 - lr:0.000100 - recon_loss: 7.908379 - ssim_loss: 138.721054 - total_loss: 146.629425
20:17:54 - Epoch 1/4 - Batch 1440/5052 - lr:0.000100 - recon_loss: 7.157001 - ssim_loss: 125.961182 - total_loss: 133.118195
20:17:55 - Epoch 1/4 - Batch 1450/5052 - lr:0.000100 - recon_loss: 10.285284 - ssim_loss: 100.979637 - total_loss: 111.264908
20:17:56 - Epoch 1/4 - Batch 1460/5052 - lr:0.000100 - recon_loss: 8.279748 - ssim_loss: 107.144249 - total_loss: 115.423988
20:17:56 - Epoch 1/4 - Batch 1470/5052 - lr:0.000100 - recon_loss: 8.040859 - ssim_loss: 107.921852 - total_loss: 115.962700
20:17:57 - Epoch 1/4 - Batch 1480/5052 - lr:0.000100 - recon_loss: 11.214225 - ssim_loss: 128.078934 - total_loss: 139.293167
20:17:57 - Epoch 1/4 - Batch 1490/5052 - lr:0.000100 - recon_loss: 7.408287 - ssim_loss: 114.314796 - total_loss: 121.723099
20:17:58 - Epoch 1/4 - Batch 1500/5052 - lr:0.000100 - recon_loss: 7.591143 - ssim_loss: 115.756447 - total_loss: 123.347588
20:17:59 - Epoch 1/4 - Batch 1510/5052 - lr:0.000100 - recon_loss: 7.976889 - ssim_loss: 141.651855 - total_loss: 149.628754
20:17:59 - Epoch 1/4 - Batch 1520/5052 - lr:0.000100 - recon_loss: 7.059853 - ssim_loss: 79.972816 - total_loss: 87.032669
20:18:00 - Epoch 1/4 - Batch 1530/5052 - lr:0.000100 - recon_loss: 6.895872 - ssim_loss: 116.504372 - total_loss: 123.400230
20:18:01 - Epoch 1/4 - Batch 1540/5052 - lr:0.000100 - recon_loss: 6.356937 - ssim_loss: 112.087074 - total_loss: 118.443993
20:18:01 - Epoch 1/4 - Batch 1550/5052 - lr:0.000100 - recon_loss: 6.461049 - ssim_loss: 115.509926 - total_loss: 121.970970
20:18:02 - Epoch 1/4 - Batch 1560/5052 - lr:0.000100 - recon_loss: 5.790565 - ssim_loss: 142.176620 - total_loss: 147.967194
20:18:03 - Epoch 1/4 - Batch 1570/5052 - lr:0.000100 - recon_loss: 6.858808 - ssim_loss: 121.301109 - total_loss: 128.159927
20:18:03 - Epoch 1/4 - Batch 1580/5052 - lr:0.000100 - recon_loss: 5.913142 - ssim_loss: 122.333763 - total_loss: 128.246918
20:18:04 - Epoch 1/4 - Batch 1590/5052 - lr:0.000100 - recon_loss: 4.847133 - ssim_loss: 115.408653 - total_loss: 120.255791
20:18:05 - Epoch 1/4 - Batch 1600/5052 - lr:0.000100 - recon_loss: 6.254684 - ssim_loss: 121.310646 - total_loss: 127.565331
20:18:05 - Epoch 1/4 - Batch 1610/5052 - lr:0.000100 - recon_loss: 8.545866 - ssim_loss: 91.211327 - total_loss: 99.757195
20:18:06 - Epoch 1/4 - Batch 1620/5052 - lr:0.000100 - recon_loss: 6.501222 - ssim_loss: 105.730713 - total_loss: 112.231934
20:18:07 - Epoch 1/4 - Batch 1630/5052 - lr:0.000100 - recon_loss: 9.553528 - ssim_loss: 35.788952 - total_loss: 45.342480
20:18:07 - Epoch 1/4 - Batch 1640/5052 - lr:0.000100 - recon_loss: 8.175755 - ssim_loss: 56.734081 - total_loss: 64.909843
20:18:08 - Epoch 1/4 - Batch 1650/5052 - lr:0.000100 - recon_loss: 5.348785 - ssim_loss: 74.636284 - total_loss: 79.985062
20:18:08 - Epoch 1/4 - Batch 1660/5052 - lr:0.000100 - recon_loss: 6.842292 - ssim_loss: 94.721733 - total_loss: 101.564018
20:18:09 - Epoch 1/4 - Batch 1670/5052 - lr:0.000100 - recon_loss: 6.916396 - ssim_loss: 85.920692 - total_loss: 92.837090
20:18:10 - Epoch 1/4 - Batch 1680/5052 - lr:0.000100 - recon_loss: 6.052307 - ssim_loss: 68.205711 - total_loss: 74.258018
20:18:10 - Epoch 1/4 - Batch 1690/5052 - lr:0.000100 - recon_loss: 5.315195 - ssim_loss: 76.198341 - total_loss: 81.513535
20:18:11 - Epoch 1/4 - Batch 1700/5052 - lr:0.000100 - recon_loss: 6.243366 - ssim_loss: 85.520279 - total_loss: 91.763634
20:18:12 - Epoch 1/4 - Batch 1710/5052 - lr:0.000100 - recon_loss: 7.083974 - ssim_loss: 92.866486 - total_loss: 99.950462
20:18:12 - Epoch 1/4 - Batch 1720/5052 - lr:0.000100 - recon_loss: 4.243612 - ssim_loss: 89.145477 - total_loss: 93.389099
20:18:13 - Epoch 1/4 - Batch 1730/5052 - lr:0.000100 - recon_loss: 4.925489 - ssim_loss: 84.944374 - total_loss: 89.869865
20:18:13 - Epoch 1/4 - Batch 1740/5052 - lr:0.000100 - recon_loss: 4.152052 - ssim_loss: 91.481445 - total_loss: 95.633499
20:18:14 - Epoch 1/4 - Batch 1750/5052 - lr:0.000100 - recon_loss: 8.303287 - ssim_loss: 82.612694 - total_loss: 90.915977
20:18:15 - Epoch 1/4 - Batch 1760/5052 - lr:0.000100 - recon_loss: 6.597890 - ssim_loss: 78.039413 - total_loss: 84.637299
20:18:15 - Epoch 1/4 - Batch 1770/5052 - lr:0.000100 - recon_loss: 8.339370 - ssim_loss: 20.421507 - total_loss: 28.760878
20:18:16 - Epoch 1/4 - Batch 1780/5052 - lr:0.000100 - recon_loss: 6.359185 - ssim_loss: 45.113266 - total_loss: 51.472450
20:18:17 - Epoch 1/4 - Batch 1790/5052 - lr:0.000100 - recon_loss: 7.887390 - ssim_loss: 79.081360 - total_loss: 86.968750
20:18:17 - Epoch 1/4 - Batch 1800/5052 - lr:0.000100 - recon_loss: 5.175180 - ssim_loss: 95.851845 - total_loss: 101.027023
20:18:18 - Epoch 1/4 - Batch 1810/5052 - lr:0.000100 - recon_loss: 6.903375 - ssim_loss: 47.820095 - total_loss: 54.723461
20:18:19 - Epoch 1/4 - Batch 1820/5052 - lr:0.000100 - recon_loss: 6.042795 - ssim_loss: 72.242676 - total_loss: 78.285477
20:18:19 - Epoch 1/4 - Batch 1830/5052 - lr:0.000100 - recon_loss: 5.827699 - ssim_loss: 75.771385 - total_loss: 81.599091
20:18:20 - Epoch 1/4 - Batch 1840/5052 - lr:0.000100 - recon_loss: 6.452419 - ssim_loss: 64.191399 - total_loss: 70.643814
20:18:20 - Epoch 1/4 - Batch 1850/5052 - lr:0.000100 - recon_loss: 5.654539 - ssim_loss: 46.430767 - total_loss: 52.085304
20:18:21 - Epoch 1/4 - Batch 1860/5052 - lr:0.000100 - recon_loss: 7.344975 - ssim_loss: 38.234058 - total_loss: 45.579029
20:18:22 - Epoch 1/4 - Batch 1870/5052 - lr:0.000100 - recon_loss: 7.192372 - ssim_loss: 59.127392 - total_loss: 66.319756
20:18:23 - Epoch 1/4 - Batch 1880/5052 - lr:0.000100 - recon_loss: 6.863736 - ssim_loss: 62.938271 - total_loss: 69.802010
20:18:23 - Epoch 1/4 - Batch 1890/5052 - lr:0.000100 - recon_loss: 4.716844 - ssim_loss: 87.067894 - total_loss: 91.784752
20:18:24 - Epoch 1/4 - Batch 1900/5052 - lr:0.000100 - recon_loss: 4.216949 - ssim_loss: 57.912231 - total_loss: 62.129181
20:18:25 - Epoch 1/4 - Batch 1910/5052 - lr:0.000100 - recon_loss: 5.958060 - ssim_loss: 51.131969 - total_loss: 57.090027
20:18:25 - Epoch 1/4 - Batch 1920/5052 - lr:0.000100 - recon_loss: 6.548320 - ssim_loss: 49.016182 - total_loss: 55.564503
20:18:26 - Epoch 1/4 - Batch 1930/5052 - lr:0.000100 - recon_loss: 4.124860 - ssim_loss: 78.007637 - total_loss: 82.132500
20:18:26 - Epoch 1/4 - Batch 1940/5052 - lr:0.000100 - recon_loss: 3.676556 - ssim_loss: 73.072197 - total_loss: 76.748756
20:18:27 - Epoch 1/4 - Batch 1950/5052 - lr:0.000100 - recon_loss: 6.063416 - ssim_loss: 51.936390 - total_loss: 57.999805
20:18:28 - Epoch 1/4 - Batch 1960/5052 - lr:0.000100 - recon_loss: 5.355081 - ssim_loss: 60.273415 - total_loss: 65.628494
20:18:28 - Epoch 1/4 - Batch 1970/5052 - lr:0.000100 - recon_loss: 5.757654 - ssim_loss: 40.554523 - total_loss: 46.312176
20:18:29 - Epoch 1/4 - Batch 1980/5052 - lr:0.000100 - recon_loss: 4.858388 - ssim_loss: 57.254375 - total_loss: 62.112762
20:18:30 - Epoch 1/4 - Batch 1990/5052 - lr:0.000100 - recon_loss: 5.205354 - ssim_loss: 69.823143 - total_loss: 75.028503
20:18:30 - Epoch 1/4 - Batch 2000/5052 - lr:0.000100 - recon_loss: 5.294076 - ssim_loss: 37.841141 - total_loss: 43.135220
20:18:31 - Epoch 1/4 - Batch 2010/5052 - lr:0.000100 - recon_loss: 4.930867 - ssim_loss: 64.036842 - total_loss: 68.967712
20:18:31 - Epoch 1/4 - Batch 2020/5052 - lr:0.000100 - recon_loss: 4.737401 - ssim_loss: 46.138050 - total_loss: 50.875446
20:18:32 - Epoch 1/4 - Batch 2030/5052 - lr:0.000100 - recon_loss: 5.454864 - ssim_loss: 44.131397 - total_loss: 49.586266
